Component: ARM Compiler 5.06 update 5 (build 528) Tool: armlink [4d35e2]

==============================================================================

Section Cross References

    port.o(.emb_text) refers to tasks.o(i.vTaskSwitchContext) for vTaskSwitchContext
    port.o(.emb_text) refers to tasks.o(.data) for pxCurrentTCB
    port.o(i.prvTaskExitError) refers to port.o(.data) for uxCriticalNesting
    port.o(i.pxPortInitialiseStack) refers to port.o(i.prvTaskExitError) for prvTaskExitError
    port.o(i.vPortEndScheduler) refers to port.o(.data) for uxCriticalNesting
    port.o(i.vPortEnterCritical) refers to port.o(.data) for uxCriticalNesting
    port.o(i.vPortExitCritical) refers to port.o(.data) for uxCriticalNesting
    port.o(i.vPortSetupTimerInterrupt) refers to system_stm32f1xx.o(.data) for SystemCoreClock
    port.o(i.vPortValidateInterruptPriority) refers to port.o(.emb_text) for vPortGetIPSR
    port.o(i.vPortValidateInterruptPriority) refers to port.o(.data) for ucMaxSysCallPriority
    port.o(i.xPortStartScheduler) refers to port.o(i.vPortSetupTimerInterrupt) for vPortSetupTimerInterrupt
    port.o(i.xPortStartScheduler) refers to port.o(.emb_text) for __asm___6_port_c_39a90d8d__prvStartFirstTask
    port.o(i.xPortStartScheduler) refers to port.o(.data) for ucMaxSysCallPriority
    port.o(i.xPortSysTickHandler) refers to tasks.o(i.xTaskIncrementTick) for xTaskIncrementTick
    tasks.o(i.pcTaskGetName) refers to tasks.o(.data) for pxCurrentTCB
    tasks.o(i.prvAddCurrentTaskToDelayedList) refers to list.o(i.uxListRemove) for uxListRemove
    tasks.o(i.prvAddCurrentTaskToDelayedList) refers to list.o(i.vListInsertEnd) for vListInsertEnd
    tasks.o(i.prvAddCurrentTaskToDelayedList) refers to list.o(i.vListInsert) for vListInsert
    tasks.o(i.prvAddCurrentTaskToDelayedList) refers to tasks.o(.data) for xTickCount
    tasks.o(i.prvAddCurrentTaskToDelayedList) refers to tasks.o(.bss) for xSuspendedTaskList
    tasks.o(i.prvAddNewTaskToReadyList) refers to port.o(i.vPortEnterCritical) for vPortEnterCritical
    tasks.o(i.prvAddNewTaskToReadyList) refers to tasks.o(i.prvInitialiseTaskLists) for prvInitialiseTaskLists
    tasks.o(i.prvAddNewTaskToReadyList) refers to list.o(i.vListInsertEnd) for vListInsertEnd
    tasks.o(i.prvAddNewTaskToReadyList) refers to port.o(i.vPortExitCritical) for vPortExitCritical
    tasks.o(i.prvAddNewTaskToReadyList) refers to tasks.o(.data) for uxCurrentNumberOfTasks
    tasks.o(i.prvAddNewTaskToReadyList) refers to tasks.o(.bss) for pxReadyTasksLists
    tasks.o(i.prvCheckTasksWaitingTermination) refers to tasks.o(i.vTaskSuspendAll) for vTaskSuspendAll
    tasks.o(i.prvCheckTasksWaitingTermination) refers to tasks.o(i.xTaskResumeAll) for xTaskResumeAll
    tasks.o(i.prvCheckTasksWaitingTermination) refers to port.o(i.vPortEnterCritical) for vPortEnterCritical
    tasks.o(i.prvCheckTasksWaitingTermination) refers to list.o(i.uxListRemove) for uxListRemove
    tasks.o(i.prvCheckTasksWaitingTermination) refers to port.o(i.vPortExitCritical) for vPortExitCritical
    tasks.o(i.prvCheckTasksWaitingTermination) refers to tasks.o(i.prvDeleteTCB) for prvDeleteTCB
    tasks.o(i.prvCheckTasksWaitingTermination) refers to tasks.o(.bss) for xTasksWaitingTermination
    tasks.o(i.prvCheckTasksWaitingTermination) refers to tasks.o(.data) for uxCurrentNumberOfTasks
    tasks.o(i.prvDeleteTCB) refers to heap_4.o(i.vPortFree) for vPortFree
    tasks.o(i.prvIdleTask) refers to tasks.o(i.prvCheckTasksWaitingTermination) for prvCheckTasksWaitingTermination
    tasks.o(i.prvIdleTask) refers to tasks.o(.bss) for pxReadyTasksLists
    tasks.o(i.prvInitialiseNewTask) refers to list.o(i.vListInitialiseItem) for vListInitialiseItem
    tasks.o(i.prvInitialiseNewTask) refers to port.o(i.pxPortInitialiseStack) for pxPortInitialiseStack
    tasks.o(i.prvInitialiseTaskLists) refers to list.o(i.vListInitialise) for vListInitialise
    tasks.o(i.prvInitialiseTaskLists) refers to tasks.o(.bss) for pxReadyTasksLists
    tasks.o(i.prvInitialiseTaskLists) refers to tasks.o(.data) for pxDelayedTaskList
    tasks.o(i.prvResetNextTaskUnblockTime) refers to tasks.o(.data) for pxDelayedTaskList
    tasks.o(i.prvTaskIsTaskSuspended) refers to tasks.o(.bss) for xSuspendedTaskList
    tasks.o(i.pvTaskIncrementMutexHeldCount) refers to tasks.o(.data) for pxCurrentTCB
    tasks.o(i.ulTaskNotifyTake) refers to port.o(i.vPortEnterCritical) for vPortEnterCritical
    tasks.o(i.ulTaskNotifyTake) refers to tasks.o(i.prvAddCurrentTaskToDelayedList) for prvAddCurrentTaskToDelayedList
    tasks.o(i.ulTaskNotifyTake) refers to port.o(i.vPortExitCritical) for vPortExitCritical
    tasks.o(i.ulTaskNotifyTake) refers to tasks.o(.data) for pxCurrentTCB
    tasks.o(i.uxTaskGetNumberOfTasks) refers to tasks.o(.data) for uxCurrentNumberOfTasks
    tasks.o(i.uxTaskPriorityGet) refers to port.o(i.vPortEnterCritical) for vPortEnterCritical
[...]

    ../Drivers/STM32F1xx_HAL_Driver/Src/stm32f1xx_hal.c 0x00000000   Number         0  stm32f1xx_hal.o ABSOLUTE
    ../Drivers/STM32F1xx_HAL_Driver/Src/stm32f1xx_hal_cortex.c 0x00000000   Number         0  stm32f1xx_hal_cortex.o ABSOLUTE
    ../Drivers/STM32F1xx_HAL_Driver/Src/stm32f1xx_hal_dma.c 0x00000000   Number         0  stm32f1xx_hal_dma.o ABSOLUTE
    ../Drivers/STM32F1xx_HAL_Driver/Src/stm32f1xx_hal_flash.c 0x00000000   Number         0  stm32f1xx_hal_flash.o ABSOLUTE
    ../Drivers/STM32F1xx_HAL_Driver/Src/stm32f1xx_hal_flash_ex.c 0x00000000   Number         0  stm32f1xx_hal_flash_ex.o ABSOLUTE
    ../Drivers/STM32F1xx_HAL_Driver/Src/stm32f1xx_hal_gpio.c 0x00000000   Number         0  stm32f1xx_hal_gpio.o ABSOLUTE
    ../Drivers/STM32F1xx_HAL_Driver/Src/stm32f1xx_hal_gpio_ex.c 0x00000000   Number         0  stm32f1xx_hal_gpio_ex.o ABSOLUTE
    ../Drivers/STM32F1xx_HAL_Driver/Src/stm32f1xx_hal_pwr.c 0x00000000   Number         0  stm32f1xx_hal_pwr.o ABSOLUTE
    ../Drivers/STM32F1xx_HAL_Driver/Src/stm32f1xx_hal_rcc.c 0x00000000   Number         0  stm32f1xx_hal_rcc.o ABSOLUTE
    ../Drivers/STM32F1xx_HAL_Driver/Src/stm32f1xx_hal_rcc_ex.c 0x00000000   Number         0  stm32f1xx_hal_rcc_ex.o ABSOLUTE
    ../Drivers/STM32F1xx_HAL_Driver/Src/stm32f1xx_hal_spi.c 0x00000000   Number         0  stm32f1xx_hal_spi.o ABSOLUTE
    ../Drivers/STM32F1xx_HAL_Driver/Src/stm32f1xx_hal_spi_ex.c 0x00000000   Number         0  stm32f1xx_hal_spi_ex.o ABSOLUTE
    ../Drivers/STM32F1xx_HAL_Driver/Src/stm32f1xx_hal_tim.c 0x00000000   Number         0  stm32f1xx_hal_tim.o ABSOLUTE
    ../Drivers/STM32F1xx_HAL_Driver/Src/stm32f1xx_hal_tim_ex.c 0x00000000   Number         0  stm32f1xx_hal_tim_ex.o ABSOLUTE
    ../Middlewares/Third_Party/FreeRTOS/Source/CMSIS_RTOS/cmsis_os.c 0x00000000   Number         0  cmsis_os.o ABSOLUTE
    ../Middlewares/Third_Party/FreeRTOS/Source/croutine.c 0x00000000   Number         0  croutine.o ABSOLUTE
    ../Middlewares/Third_Party/FreeRTOS/Source/event_groups.c 0x00000000   Number         0  event_groups.o ABSOLUTE
    ../Middlewares/Third_Party/FreeRTOS/Source/list.c 0x00000000   Number         0  list.o ABSOLUTE
    ../Middlewares/Third_Party/FreeRTOS/Source/portable/MemMang/heap_4.c 0x00000000   Number         0  heap_4.o ABSOLUTE
    ../Middlewares/Third_Party/FreeRTOS/Source/portable/RVDS/ARM_CM3/port.c 0x00000000   Number         0  port.o ABSOLUTE
    ../Middlewares/Third_Party/FreeRTOS/Source/queue.c 0x00000000   Number         0  queue.o ABSOLUTE
    ../Middlewares/Third_Party/FreeRTOS/Source/tasks.c 0x00000000   Number         0  tasks.o ABSOLUTE
    ../Middlewares/Third_Party/FreeRTOS/Source/timers.c 0x00000000   Number         0  timers.o ABSOLUTE
    ../Src/freertos.c                        0x00000000   Number         0  freertos.o ABSOLUTE
    ../Src/main.c                            0x00000000   Number         0  main.o ABSOLUTE
    ../Src/stm32f1xx_hal_msp.c               0x00000000   Number         0  stm32f1xx_hal_msp.o ABSOLUTE
    ../Src/stm32f1xx_hal_timebase_TIM.c      0x00000000   Number         0  stm32f1xx_hal_timebase_tim.o ABSOLUTE
    ../Src/stm32f1xx_it.c                    0x00000000   Number         0  stm32f1xx_it.o ABSOLUTE
    ../Src/system_stm32f1xx.c                0x00000000   Number         0  system_stm32f1xx.o ABSOLUTE
    ../clib/microlib/init/entry.s            0x00000000   Number         0  entry2.o ABSOLUTE
    ../clib/microlib/init/entry.s            0x00000000   Number         0  entry.o ABSOLUTE
    ../clib/microlib/init/entry.s            0x00000000   Number         0  entry11a.o ABSOLUTE
    ../clib/microlib/init/entry.s            0x00000000   Number         0  entry10b.o ABSOLUTE
    ../clib/microlib/init/entry.s            0x00000000   Number         0  entry10a.o ABSOLUTE
    ../clib/microlib/init/entry.s            0x00000000   Number         0  entry9b.o ABSOLUTE
    ../clib/microlib/init/entry.s            0x00000000   Number         0  entry11b.o ABSOLUTE
    ../clib/microlib/init/entry.s            0x00000000   Number         0  entry9a.o ABSOLUTE
    ../clib/microlib/init/entry.s            0x00000000   Number         0  entry8b.o ABSOLUTE
    ../clib/microlib/init/entry.s            0x00000000   Number         0  entry8a.o ABSOLUTE
    ../clib/microlib/init/entry.s            0x00000000   Number         0  entry7b.o ABSOLUTE
    ../clib/microlib/init/entry.s            0x00000000   Number         0  entry7a.o ABSOLUTE
    ../clib/microlib/init/entry.s            0x00000000   Number         0  entry5.o ABSOLUTE
    ../clib/microlib/longlong.c              0x00000000   Number         0  llushr.o ABSOLUTE
    ../clib/microlib/string/memcpy.c         0x00000000   Number         0  memcpya.o ABSOLUTE
    ../clib/microlib/string/memcpy.c         0x00000000   Number         0  memcpyb.o ABSOLUTE
    ..\Drivers\STM32F1xx_HAL_Driver\Src\stm32f1xx_hal.c 0x00000000   Number         0  stm32f1xx_hal.o ABSOLUTE
    ..\Drivers\STM32F1xx_HAL_Driver\Src\stm32f1xx_hal_cortex.c 0x00000000   Number         0  stm32f1xx_hal_cortex.o ABSOLUTE
    ..\Drivers\STM32F1xx_HAL_Driver\Src\stm32f1xx_hal_dma.c 0x00000000   Number         0  stm32f1xx_hal_dma.o ABSOLUTE
    ..\Drivers\STM32F1xx_HAL_Driver\Src\stm32f1xx_hal_flash.c 0x00000000   Number         0  stm32f1xx_hal_flash.o ABSOLUTE
    ..\Drivers\STM32F1xx_HAL_Driver\Src\stm32f1xx_hal_flash_ex.c 0x00000000   Number         0  stm32f1xx_hal_flash_ex.o ABSOLUTE
    ..\Drivers\STM32F1xx_HAL_Driver\Src\stm32f1xx_hal_gpio.c 0x00000000   Number         0  stm32f1xx_hal_gpio.o ABSOLUTE
    ..\Drivers\STM32F1xx_HAL_Driver\Src\stm32f1xx_hal_gpio_ex.c 0x00000000   Number         0  stm32f1xx_hal_gpio_ex.o ABSOLUTE
    ..\Drivers\STM32F1xx_HAL_Driver\Src\stm32f1xx_hal_pwr.c 0x00000000   Number         0  stm32f1xx_hal_pwr.o ABSOLUTE
    ..\Drivers\STM32F1xx_HAL_Driver\Src\stm32f1xx_hal_rcc.c 0x00000000   Number         0  stm32f1xx_hal_rcc.o ABSOLUTE
    ..\Drivers\STM32F1xx_HAL_Driver\Src\stm32f1xx_hal_rcc_ex.c 0x00000000   Number         0  stm32f1xx_hal_rcc_ex.o ABSOLUTE
    ..\Drivers\STM32F1xx_HAL_Driver\Src\stm32f1xx_hal_spi.c 0x00000000   Number         0  stm32f1xx_hal_spi.o ABSOLUTE
    ..\Drivers\STM32F1xx_HAL_Driver\Src\stm32f1xx_hal_spi_ex.c 0x00000000   Number         0  stm32f1xx_hal_spi_ex.o ABSOLUTE
    ..\Drivers\STM32F1xx_HAL_Driver\Src\stm32f1xx_hal_tim.c 0x00000000   Number         0  stm32f1xx_hal_tim.o ABSOLUTE
    ..\Drivers\STM32F1xx_HAL_Driver\Src\stm32f1xx_hal_tim_ex.c 0x00000000   Number         0  stm32f1xx_hal_tim_ex.o ABSOLUTE
    ..\Middlewares\Third_Party\FreeRTOS\Source\CMSIS_RTOS\cmsis_os.c 0x00000000   Number         0  cmsis_os.o ABSOLUTE
    ..\Middlewares\Third_Party\FreeRTOS\Source\portable\RVDS\ARM_CM3\port.c 0x00000000   Number         0  port.o ABSOLUTE
    ..\Src\main.c                            0x00000000   Number         0  main.o ABSOLUTE
    ..\Src\nRFxxxHandler.c                   0x00000000   Number         0  nrfxxxhandler.o ABSOLUTE
    ..\Src\stm32f1xx_hal_msp.c               0x00000000   Number         0  stm32f1xx_hal_msp.o ABSOLUTE
    ..\Src\stm32f1xx_hal_timebase_TIM.c      0x00000000   Number         0  stm32f1xx_hal_timebase_tim.o ABSOLUTE
    ..\Src\stm32f1xx_it.c                    0x00000000   Number         0  stm32f1xx_it.o ABSOLUTE
    ..\Src\system_stm32f1xx.c                0x00000000   Number         0  system_stm32f1xx.o ABSOLUTE
    ..\Src\user_GPIO_EXTI_IRQHandler.c       0x00000000   Number         0  user_gpio_exti_irqhandler.o ABSOLUTE
    ..\\Src\\nRFxxxHandler.c                 0x00000000   Number         0  nrfxxxhandler.o ABSOLUTE
    ..\\Src\\user_GPIO_EXTI_IRQHandler.c     0x00000000   Number         0  user_gpio_exti_irqhandler.o ABSOLUTE
    dc.s                                     0x00000000   Number         0  dc.o ABSOLUTE
    handlers.s                               0x00000000   Number         0  handlers.o ABSOLUTE
    init.s                                   0x00000000   Number         0  init.o ABSOLUTE
    startup_stm32f103xb.s                    0x00000000   Number         0  startup_stm32f103xb.o ABSOLUTE
    RESET                                    0x08000000   Section      236  startup_stm32f103xb.o(RESET)
    .ARM.Collect$$$$00000000                 0x080000ec   Section        0  entry.o(.ARM.Collect$$$$00000000)
    .ARM.Collect$$$$00000001                 0x080000ec   Section        4  entry2.o(.ARM.Collect$$$$00000001)
    .ARM.Collect$$$$00000004                 0x080000f0   Section        4  entry5.o(.ARM.Collect$$$$00000004)
    .ARM.Collect$$$$00000008                 0x080000f4   Section        0  entry7b.o(.ARM.Collect$$$$00000008)
    .ARM.Collect$$$$0000000A                 0x080000f4   Section        0  entry8b.o(.ARM.Collect$$$$0000000A)
    .ARM.Collect$$$$0000000B                 0x080000f4   Section        8  entry9a.o(.ARM.Collect$$$$0000000B)
    .ARM.Collect$$$$0000000D                 0x080000fc   Section        0  entry10a.o(.ARM.Collect$$$$0000000D)
    .ARM.Collect$$$$0000000F                 0x080000fc   Section        0  entry11a.o(.ARM.Collect$$$$0000000F)
    .ARM.Collect$$$$00002712                 0x080000fc   Section        4  entry2.o(.ARM.Collect$$$$00002712)
    __lit__00000000                          0x080000fc   Data           4  entry2.o(.ARM.Collect$$$$00002712)
    .emb_text                                0x08000100   Section      150  port.o(.emb_text)
    .text                                    0x08000198   Section       36  startup_stm32f103xb.o(.text)
    .text                                    0x080001bc   Section        0  memcpya.o(.text)
    .text                                    0x080001e0   Section       36  init.o(.text)
    i.BusFault_Handler                       0x08000204   Section        0  stm32f1xx_it.o(i.BusFault_Handler)
    i.DMA1_Channel2_IRQHandler               0x08000208   Section        0  stm32f1xx_it.o(i.DMA1_Channel2_IRQHandler)
    i.DMA1_Channel3_IRQHandler               0x08000218   Section        0  stm32f1xx_it.o(i.DMA1_Channel3_IRQHandler)
    i.DMA_SetConfig                          0x08000228   Section        0  stm32f1xx_hal_dma.o(i.DMA_SetConfig)
    DMA_SetConfig                            0x08000229   Thumb Code    44  stm32f1xx_hal_dma.o(i.DMA_SetConfig)
    i.DebugMon_Handler                       0x08000254   Section        0  stm32f1xx_it.o(i.DebugMon_Handler)
    i.EXTI4_IRQHandler                       0x08000256   Section        0  stm32f1xx_it.o(i.EXTI4_IRQHandler)
    i.HAL_DMA_IRQHandler                     0x08000260   Section        0  stm32f1xx_hal_dma.o(i.HAL_DMA_IRQHandler)
    i.HAL_DMA_Init                           0x080003fc   Section        0  stm32f1xx_hal_dma.o(i.HAL_DMA_Init)
    i.HAL_DMA_Start_IT                       0x0800046c   Section        0  stm32f1xx_hal_dma.o(i.HAL_DMA_Start_IT)
    i.HAL_GPIO_EXTI_Callback                 0x08000508   Section        0  user_gpio_exti_irqhandler.o(i.HAL_GPIO_EXTI_Callback)
    i.HAL_GPIO_EXTI_IRQHandler               0x0800051c   Section        0  stm32f1xx_hal_gpio.o(i.HAL_GPIO_EXTI_IRQHandler)
    i.HAL_GPIO_Init                          0x08000538   Section        0  stm32f1xx_hal_gpio.o(i.HAL_GPIO_Init)
    i.HAL_GPIO_TogglePin                     0x08000854   Section        0  stm32f1xx_hal_gpio.o(i.HAL_GPIO_TogglePin)
    i.HAL_GPIO_WritePin                      0x0800085c   Section        0  stm32f1xx_hal_gpio.o(i.HAL_GPIO_WritePin)
    i.HAL_GetTick                            0x08000868   Section        0  stm32f1xx_hal.o(i.HAL_GetTick)
    i.HAL_IncTick                            0x08000874   Section        0  stm32f1xx_hal.o(i.HAL_IncTick)
    i.HAL_Init                               0x08000884   Section        0  stm32f1xx_hal.o(i.HAL_Init)
    i.HAL_InitTick                           0x080008ac   Section        0  stm32f1xx_hal_timebase_tim.o(i.HAL_InitTick)
    i.HAL_MspInit                            0x08000934   Section        0  stm32f1xx_hal_msp.o(i.HAL_MspInit)
    i.HAL_NVIC_EnableIRQ                     0x080009c8   Section        0  stm32f1xx_hal_cortex.o(i.HAL_NVIC_EnableIRQ)
    i.HAL_NVIC_SetPriority                   0x080009e2   Section        0  stm32f1xx_hal_cortex.o(i.HAL_NVIC_SetPriority)
    i.HAL_NVIC_SetPriorityGrouping           0x08000a60   Section        0  stm32f1xx_hal_cortex.o(i.HAL_NVIC_SetPriorityGrouping)
    i.HAL_RCC_ClockConfig                    0x08000a88   Section        0  stm32f1xx_hal_rcc.o(i.HAL_RCC_ClockConfig)
    i.HAL_RCC_GetClockConfig                 0x08000c2c   Section        0  stm32f1xx_hal_rcc.o(i.HAL_RCC_GetClockConfig)
    i.HAL_RCC_GetHCLKFreq                    0x08000c70   Section        0  stm32f1xx_hal_rcc.o(i.HAL_RCC_GetHCLKFreq)
    i.HAL_RCC_GetPCLK2Freq                   0x08000c7c   Section        0  stm32f1xx_hal_rcc.o(i.HAL_RCC_GetPCLK2Freq)
    i.HAL_RCC_GetSysClockFreq                0x08000c9c   Section        0  stm32f1xx_hal_rcc.o(i.HAL_RCC_GetSysClockFreq)
    i.HAL_RCC_OscConfig                      0x08000d34   Section        0  stm32f1xx_hal_rcc.o(i.HAL_RCC_OscConfig)
    i.HAL_SPI_ErrorCallback                  0x08001174   Section        0  stm32f1xx_hal_spi.o(i.HAL_SPI_ErrorCallback)
    i.HAL_SPI_Init                           0x08001176   Section        0  stm32f1xx_hal_spi_ex.o(i.HAL_SPI_Init)
    i.HAL_SPI_MspInit                        0x080011fc   Section        0  stm32f1xx_hal_msp.o(i.HAL_SPI_MspInit)
    i.HAL_SPI_RxCpltCallback                 0x080012f4   Section        0  stm32f1xx_hal_spi.o(i.HAL_SPI_RxCpltCallback)
    i.HAL_SPI_RxHalfCpltCallback             0x080012f6   Section        0  stm32f1xx_hal_spi.o(i.HAL_SPI_RxHalfCpltCallback)
    i.HAL_SPI_TransmitReceive_DMA            0x080012f8   Section        0  stm32f1xx_hal_spi.o(i.HAL_SPI_TransmitReceive_DMA)
    i.HAL_SPI_TxRxCpltCallback               0x0800143c   Section        0  nrfxxxhandler.o(i.HAL_SPI_TxRxCpltCallback)
    i.HAL_SPI_TxRxHalfCpltCallback           0x08001458   Section        0  stm32f1xx_hal_spi.o(i.HAL_SPI_TxRxHalfCpltCallback)
    i.HAL_SYSTICK_CLKSourceConfig            0x0800145a   Section        0  stm32f1xx_hal_cortex.o(i.HAL_SYSTICK_CLKSourceConfig)
    i.HAL_SYSTICK_Config                     0x08001482   Section        0  stm32f1xx_hal_cortex.o(i.HAL_SYSTICK_Config)
    i.HAL_TIMEx_BreakCallback                0x080014b6   Section        0  stm32f1xx_hal_tim_ex.o(i.HAL_TIMEx_BreakCallback)
    i.HAL_TIMEx_CommutationCallback          0x080014b8   Section        0  stm32f1xx_hal_tim_ex.o(i.HAL_TIMEx_CommutationCallback)
    i.HAL_TIM_Base_Init                      0x080014ba   Section        0  stm32f1xx_hal_tim.o(i.HAL_TIM_Base_Init)
    i.HAL_TIM_Base_MspInit                   0x080014ee   Section        0  stm32f1xx_hal_tim.o(i.HAL_TIM_Base_MspInit)
    i.HAL_TIM_Base_Start_IT                  0x080014f0   Section        0  stm32f1xx_hal_tim.o(i.HAL_TIM_Base_Start_IT)
    i.HAL_TIM_IC_CaptureCallback             0x0800150e   Section        0  stm32f1xx_hal_tim.o(i.HAL_TIM_IC_CaptureCallback)
    i.HAL_TIM_IRQHandler                     0x08001510   Section        0  stm32f1xx_hal_tim.o(i.HAL_TIM_IRQHandler)
    i.HAL_TIM_OC_DelayElapsedCallback        0x080016a6   Section        0  stm32f1xx_hal_tim.o(i.HAL_TIM_OC_DelayElapsedCallback)
    i.HAL_TIM_PWM_PulseFinishedCallback      0x080016a8   Section        0  stm32f1xx_hal_tim.o(i.HAL_TIM_PWM_PulseFinishedCallback)
    i.HAL_TIM_PeriodElapsedCallback          0x080016ac   Section        0  main.o(i.HAL_TIM_PeriodElapsedCallback)
    i.HAL_TIM_TriggerCallback                0x080016c4   Section        0  stm32f1xx_hal_tim.o(i.HAL_TIM_TriggerCallback)
    i.HardFault_Handler                      0x080016c6   Section        0  stm32f1xx_it.o(i.HardFault_Handler)
    i.MX_DMA_Init                            0x080016cc   Section        0  main.o(i.MX_DMA_Init)
    MX_DMA_Init                              0x080016cd   Thumb Code    64  main.o(i.MX_DMA_Init)
    i.MX_GPIO_Init                           0x08001710   Section        0  main.o(i.MX_GPIO_Init)
    MX_GPIO_Init                             0x08001711   Thumb Code   248  main.o(i.MX_GPIO_Init)
    i.MX_SPI1_Init                           0x0800181c   Section        0  main.o(i.MX_SPI1_Init)
    MX_SPI1_Init                             0x0800181d   Thumb Code    66  main.o(i.MX_SPI1_Init)
    i.MemManage_Handler                      0x08001878   Section        0  stm32f1xx_it.o(i.MemManage_Handler)
    i.NMI_Handler                            0x0800187c   Section        0  stm32f1xx_it.o(i.NMI_Handler)
    i.NVIC_GetPriorityGrouping               0x08001880   Section        0  stm32f1xx_hal_cortex.o(i.NVIC_GetPriorityGrouping)
    NVIC_GetPriorityGrouping                 0x08001881   Thumb Code    10  stm32f1xx_hal_cortex.o(i.NVIC_GetPriorityGrouping)
    i.NVIC_SetPriority                       0x08001890   Section        0  stm32f1xx_hal_cortex.o(i.NVIC_SetPriority)
    NVIC_SetPriority                         0x08001891   Thumb Code    32  stm32f1xx_hal_cortex.o(i.NVIC_SetPriority)
    i.RCC_Delay                              0x080018b8   Section        0  stm32f1xx_hal_rcc.o(i.RCC_Delay)
    RCC_Delay                                0x080018b9   Thumb Code    36  stm32f1xx_hal_rcc.o(i.RCC_Delay)
    i.SPI_CheckFlag_BSY                      0x080018e0   Section        0  stm32f1xx_hal_spi.o(i.SPI_CheckFlag_BSY)
    SPI_CheckFlag_BSY                        0x080018e1   Thumb Code    40  stm32f1xx_hal_spi.o(i.SPI_CheckFlag_BSY)
    i.SPI_DMAError                           0x08001908   Section        0  stm32f1xx_hal_spi.o(i.SPI_DMAError)
    SPI_DMAError                             0x08001909   Thumb Code    40  stm32f1xx_hal_spi.o(i.SPI_DMAError)
    i.SPI_DMAHalfReceiveCplt                 0x08001930   Section        0  stm32f1xx_hal_spi.o(i.SPI_DMAHalfReceiveCplt)
    SPI_DMAHalfReceiveCplt                   0x08001931   Thumb Code    14  stm32f1xx_hal_spi.o(i.SPI_DMAHalfReceiveCplt)
    i.SPI_DMAHalfTransmitReceiveCplt         0x0800193e   Section        0  stm32f1xx_hal_spi.o(i.SPI_DMAHalfTransmitReceiveCplt)
    SPI_DMAHalfTransmitReceiveCplt           0x0800193f   Thumb Code    14  stm32f1xx_hal_spi.o(i.SPI_DMAHalfTransmitReceiveCplt)
    i.SPI_DMAReceiveCplt                     0x0800194c   Section        0  stm32f1xx_hal_spi.o(i.SPI_DMAReceiveCplt)
    SPI_DMAReceiveCplt                       0x0800194d   Thumb Code    98  stm32f1xx_hal_spi.o(i.SPI_DMAReceiveCplt)
    i.SPI_DMATransmitReceiveCplt             0x080019ae   Section        0  stm32f1xx_hal_spi.o(i.SPI_DMATransmitReceiveCplt)
    SPI_DMATransmitReceiveCplt               0x080019af   Thumb Code    92  stm32f1xx_hal_spi.o(i.SPI_DMATransmitReceiveCplt)
    i.SPI_WaitFlagStateUntilTimeout          0x08001a0a   Section        0  stm32f1xx_hal_spi.o(i.SPI_WaitFlagStateUntilTimeout)
    SPI_WaitFlagStateUntilTimeout            0x08001a0b   Thumb Code   170  stm32f1xx_hal_spi.o(i.SPI_WaitFlagStateUntilTimeout)
    i.StartDefaultTask                       0x08001ab4   Section        0  main.o(i.StartDefaultTask)
    i.SysTick_Handler                        0x08001abe   Section        0  stm32f1xx_it.o(i.SysTick_Handler)
    i.SystemClock_Config                     0x08001ac8   Section        0  main.o(i.SystemClock_Config)
    i.SystemInit                             0x08001b58   Section        0  system_stm32f1xx.o(i.SystemInit)
    i.TIM1_UP_IRQHandler                     0x08001bb0   Section        0  stm32f1xx_it.o(i.TIM1_UP_IRQHandler)
    i.TIM_Base_SetConfig                     0x08001bc0   Section        0  stm32f1xx_hal_tim.o(i.TIM_Base_SetConfig)
    i.UsageFault_Handler                     0x08001c34   Section        0  stm32f1xx_it.o(i.UsageFault_Handler)
    i._Error_Handler                         0x08001c38   Section        0  main.o(i._Error_Handler)
    i.__scatterload_copy                     0x08001c3c   Section       14  handlers.o(i.__scatterload_copy)
    i.__scatterload_null                     0x08001c4a   Section        2  handlers.o(i.__scatterload_null)
    i.__scatterload_zeroinit                 0x08001c4c   Section       14  handlers.o(i.__scatterload_zeroinit)
    i.clearDRFlag                            0x08001c5c   Section        0  nrfxxxhandler.o(i.clearDRFlag)
    clearDRFlag                              0x08001c5d   Thumb Code    16  nrfxxxhandler.o(i.clearDRFlag)
    i.inHandlerMode                          0x08001c70   Section        0  cmsis_os.o(i.inHandlerMode)
    inHandlerMode                            0x08001c71   Thumb Code    16  cmsis_os.o(i.inHandlerMode)
    i.main                                   0x08001c80   Section        0  main.o(i.main)
    i.makeFreeRtosPriority                   0x08001d2c   Section        0  cmsis_os.o(i.makeFreeRtosPriority)
    makeFreeRtosPriority                     0x08001d2d   Thumb Code    14  cmsis_os.o(i.makeFreeRtosPriority)
    i.nRFxxxCRInitial                        0x08001d3c   Section        0  nrfxxxhandler.o(i.nRFxxxCRInitial)
    nRFxxxCRInitial                          0x08001d3d   Thumb Code    48  nrfxxxhandler.o(i.nRFxxxCRInitial)
    i.nRFxxxDataReadyHandler                 0x08001d70   Section        0  nrfxxxhandler.o(i.nRFxxxDataReadyHandler)
    i.nRFxxxInitial                          0x08001d84   Section        0  nrfxxxhandler.o(i.nRFxxxInitial)
    nRFxxxInitial                            0x08001d85   Thumb Code    76  nrfxxxhandler.o(i.nRFxxxInitial)
    i.nRFxxxSPIDataRW                        0x08001de0   Section        0  nrfxxxhandler.o(i.nRFxxxSPIDataRW)
    nRFxxxSPIDataRW                          0x08001de1   Thumb Code   104  nrfxxxhandler.o(i.nRFxxxSPIDataRW)
    i.nRFxxxSPIRead                          0x08001e54   Section        0  nrfxxxhandler.o(i.nRFxxxSPIRead)
    nRFxxxSPIRead                            0x08001e55   Thumb Code    60  nrfxxxhandler.o(i.nRFxxxSPIRead)
    i.nRFxxxSPIWrite                         0x08001e9c   Section        0  nrfxxxhandler.o(i.nRFxxxSPIWrite)
    nRFxxxSPIWrite                           0x08001e9d   Thumb Code    48  nrfxxxhandler.o(i.nRFxxxSPIWrite)
    i.nRFxxxSendFrame                        0x08001ed8   Section        0  nrfxxxhandler.o(i.nRFxxxSendFrame)
    i.osDelay                                0x08001f78   Section        0  cmsis_os.o(i.osDelay)
    i.osKernelStart                          0x08001f90   Section        0  cmsis_os.o(i.osKernelStart)
    i.osMutexCreate                          0x08001f9a   Section        0  cmsis_os.o(i.osMutexCreate)
    i.osMutexRelease                         0x08001fa8   Section        0  cmsis_os.o(i.osMutexRelease)
    i.osMutexWait                            0x08001ff8   Section        0  cmsis_os.o(i.osMutexWait)
    i.osSemaphoreCreate                      0x08002064   Section        0  cmsis_os.o(i.osSemaphoreCreate)
    i.osSemaphoreRelease                     0x08002090   Section        0  cmsis_os.o(i.osSemaphoreRelease)
    i.osSemaphoreWait                        0x080020e0   Section        0  cmsis_os.o(i.osSemaphoreWait)
    i.osSystickHandler                       0x0800214c   Section        0  cmsis_os.o(i.osSystickHandler)
    i.osThreadCreate                         0x0800215c   Section        0  cmsis_os.o(i.osThreadCreate)
    i.osTimerCreate                          0x0800218c   Section        0  cmsis_os.o(i.osTimerCreate)
    i.osTimerStart                           0x080021b4   Section        0  cmsis_os.o(i.osTimerStart)
    i.prvAddCurrentTaskToDelayedList         0x0800221c   Section        0  tasks.o(i.prvAddCurrentTaskToDelayedList)
    prvAddCurrentTaskToDelayedList           0x0800221d   Thumb Code   124  tasks.o(i.prvAddCurrentTaskToDelayedList)
    i.prvAddNewTaskToReadyList               0x080022b4   Section        0  tasks.o(i.prvAddNewTaskToReadyList)
    prvAddNewTaskToReadyList                 0x080022b5   Thumb Code   150  tasks.o(i.prvAddNewTaskToReadyList)
    i.prvCheckForValidListAndQueue           0x08002368   Section        0  timers.o(i.prvCheckForValidListAndQueue)
    prvCheckForValidListAndQueue             0x08002369   Thumb Code    72  timers.o(i.prvCheckForValidListAndQueue)
    i.prvCheckTasksWaitingTermination        0x080023cc   Section        0  tasks.o(i.prvCheckTasksWaitingTermination)
    prvCheckTasksWaitingTermination          0x080023cd   Thumb Code    86  tasks.o(i.prvCheckTasksWaitingTermination)
    i.prvCopyDataFromQueue                   0x08002430   Section        0  queue.o(i.prvCopyDataFromQueue)
    prvCopyDataFromQueue                     0x08002431   Thumb Code    42  queue.o(i.prvCopyDataFromQueue)
    i.prvCopyDataToQueue                     0x0800245a   Section        0  queue.o(i.prvCopyDataToQueue)
    prvCopyDataToQueue                       0x0800245b   Thumb Code   124  queue.o(i.prvCopyDataToQueue)
    i.prvDeleteTCB                           0x080024d6   Section        0  tasks.o(i.prvDeleteTCB)
    prvDeleteTCB                             0x080024d7   Thumb Code    18  tasks.o(i.prvDeleteTCB)
    i.prvGetNextExpireTime                   0x080024e8   Section        0  timers.o(i.prvGetNextExpireTime)
    prvGetNextExpireTime                     0x080024e9   Thumb Code    36  timers.o(i.prvGetNextExpireTime)
    i.prvHeapInit                            0x08002510   Section        0  heap_4.o(i.prvHeapInit)
    prvHeapInit                              0x08002511   Thumb Code    98  heap_4.o(i.prvHeapInit)
    i.prvIdleTask                            0x0800258c   Section        0  tasks.o(i.prvIdleTask)
    prvIdleTask                              0x0800258d   Thumb Code    32  tasks.o(i.prvIdleTask)
    i.prvInitialiseMutex                     0x080025b4   Section        0  queue.o(i.prvInitialiseMutex)
    prvInitialiseMutex                       0x080025b5   Thumb Code    28  queue.o(i.prvInitialiseMutex)
    i.prvInitialiseNewQueue                  0x080025d0   Section        0  queue.o(i.prvInitialiseNewQueue)
    prvInitialiseNewQueue                    0x080025d1   Thumb Code    38  queue.o(i.prvInitialiseNewQueue)
    i.prvInitialiseNewTask                   0x080025f6   Section        0  tasks.o(i.prvInitialiseNewTask)
    prvInitialiseNewTask                     0x080025f7   Thumb Code   170  tasks.o(i.prvInitialiseNewTask)
    i.prvInitialiseNewTimer                  0x080026a0   Section        0  timers.o(i.prvInitialiseNewTimer)
    prvInitialiseNewTimer                    0x080026a1   Thumb Code    78  timers.o(i.prvInitialiseNewTimer)
    i.prvInitialiseTaskLists                 0x080026f0   Section        0  tasks.o(i.prvInitialiseTaskLists)
    prvInitialiseTaskLists                   0x080026f1   Thumb Code    70  tasks.o(i.prvInitialiseTaskLists)
    i.prvInsertBlockIntoFreeList             0x08002758   Section        0  heap_4.o(i.prvInsertBlockIntoFreeList)
    prvInsertBlockIntoFreeList               0x08002759   Thumb Code    96  heap_4.o(i.prvInsertBlockIntoFreeList)
    i.prvInsertTimerInActiveList             0x080027c0   Section        0  timers.o(i.prvInsertTimerInActiveList)
    prvInsertTimerInActiveList               0x080027c1   Thumb Code    80  timers.o(i.prvInsertTimerInActiveList)
    i.prvIsQueueEmpty                        0x08002818   Section        0  queue.o(i.prvIsQueueEmpty)
    prvIsQueueEmpty                          0x08002819   Thumb Code    26  queue.o(i.prvIsQueueEmpty)
    i.prvIsQueueFull                         0x08002832   Section        0  queue.o(i.prvIsQueueFull)
    prvIsQueueFull                           0x08002833   Thumb Code    30  queue.o(i.prvIsQueueFull)
    i.prvProcessExpiredTimer                 0x08002850   Section        0  timers.o(i.prvProcessExpiredTimer)
    prvProcessExpiredTimer                   0x08002851   Thumb Code    94  timers.o(i.prvProcessExpiredTimer)
    i.prvProcessReceivedCommands             0x080028b4   Section        0  timers.o(i.prvProcessReceivedCommands)
    prvProcessReceivedCommands               0x080028b5   Thumb Code   242  timers.o(i.prvProcessReceivedCommands)
    i.prvProcessTimerOrBlockTask             0x080029ac   Section        0  timers.o(i.prvProcessTimerOrBlockTask)
    prvProcessTimerOrBlockTask               0x080029ad   Thumb Code   102  timers.o(i.prvProcessTimerOrBlockTask)
    i.prvResetNextTaskUnblockTime            0x08002a20   Section        0  tasks.o(i.prvResetNextTaskUnblockTime)
    prvResetNextTaskUnblockTime              0x08002a21   Thumb Code    42  tasks.o(i.prvResetNextTaskUnblockTime)
    i.prvSampleTimeNow                       0x08002a54   Section        0  timers.o(i.prvSampleTimeNow)
    prvSampleTimeNow                         0x08002a55   Thumb Code    40  timers.o(i.prvSampleTimeNow)
    i.prvSwitchTimerLists                    0x08002a80   Section        0  timers.o(i.prvSwitchTimerLists)
    prvSwitchTimerLists                      0x08002a81   Thumb Code   150  timers.o(i.prvSwitchTimerLists)
    i.prvTaskExitError                       0x08002b20   Section        0  port.o(i.prvTaskExitError)
    prvTaskExitError                         0x08002b21   Thumb Code    60  port.o(i.prvTaskExitError)
    i.prvTimerTask                           0x08002b60   Section        0  timers.o(i.prvTimerTask)
    prvTimerTask                             0x08002b61   Thumb Code    26  timers.o(i.prvTimerTask)
    i.prvUnlockQueue                         0x08002b7a   Section        0  queue.o(i.prvUnlockQueue)
    prvUnlockQueue                           0x08002b7b   Thumb Code   126  queue.o(i.prvUnlockQueue)
    i.pvPortMalloc                           0x08002bf8   Section        0  heap_4.o(i.pvPortMalloc)
    i.pvTaskIncrementMutexHeldCount          0x08002d34   Section        0  tasks.o(i.pvTaskIncrementMutexHeldCount)
    i.pxPortInitialiseStack                  0x08002d54   Section        0  port.o(i.pxPortInitialiseStack)
    i.queryCarStatus                         0x08002d78   Section        0  nrfxxxhandler.o(i.queryCarStatus)
    i.readConfig                             0x08002dc0   Section        0  nrfxxxhandler.o(i.readConfig)
    readConfig                               0x08002dc1   Thumb Code    22  nrfxxxhandler.o(i.readConfig)
    i.readRxPayload                          0x08002dd6   Section        0  nrfxxxhandler.o(i.readRxPayload)
    readRxPayload                            0x08002dd7   Thumb Code    18  nrfxxxhandler.o(i.readRxPayload)
    i.roamNRFxxx                             0x08002de8   Section        0  nrfxxxhandler.o(i.roamNRFxxx)
    roamNRFxxx                               0x08002de9   Thumb Code   212  nrfxxxhandler.o(i.roamNRFxxx)
    i.setNRFxxxMode                          0x08002ed4   Section        0  nrfxxxhandler.o(i.setNRFxxxMode)
    setNRFxxxMode                            0x08002ed5   Thumb Code    48  nrfxxxhandler.o(i.setNRFxxxMode)
    i.startNRFxxxTrans                       0x08002f10   Section        0  nrfxxxhandler.o(i.startNRFxxxTrans)
    i.uxListRemove                           0x08002f3c   Section        0  list.o(i.uxListRemove)
    i.vListInitialise                        0x08002f64   Section        0  list.o(i.vListInitialise)
    i.vListInitialiseItem                    0x08002f7e   Section        0  list.o(i.vListInitialiseItem)
    i.vListInsert                            0x08002f84   Section        0  list.o(i.vListInsert)
    i.vListInsertEnd                         0x08002fb8   Section        0  list.o(i.vListInsertEnd)
    i.vPortEnterCritical                     0x08002fd0   Section        0  port.o(i.vPortEnterCritical)
    i.vPortExitCritical                      0x08003024   Section        0  port.o(i.vPortExitCritical)
    i.vPortFree                              0x08003060   Section        0  heap_4.o(i.vPortFree)
    i.vPortSetupTimerInterrupt               0x080030f4   Section        0  port.o(i.vPortSetupTimerInterrupt)
    i.vPortValidateInterruptPriority         0x08003114   Section        0  port.o(i.vPortValidateInterruptPriority)
    i.vQueueAddToRegistry                    0x0800318c   Section        0  queue.o(i.vQueueAddToRegistry)
    i.vQueueWaitForMessageRestricted         0x080031b8   Section        0  queue.o(i.vQueueWaitForMessageRestricted)
    i.vTaskDelay                             0x08003204   Section        0  tasks.o(i.vTaskDelay)
    i.vTaskMissedYield                       0x08003260   Section        0  tasks.o(i.vTaskMissedYield)
    i.vTaskPlaceOnEventList                  0x0800326c   Section        0  tasks.o(i.vTaskPlaceOnEventList)
    i.vTaskPlaceOnEventListRestricted        0x080032a4   Section        0  tasks.o(i.vTaskPlaceOnEventListRestricted)
    i.vTaskPriorityInherit                   0x080032e4   Section        0  tasks.o(i.vTaskPriorityInherit)
    i.vTaskSetTimeOutState                   0x08003394   Section        0  tasks.o(i.vTaskSetTimeOutState)
    i.vTaskStartScheduler                    0x080033c4   Section        0  tasks.o(i.vTaskStartScheduler)
    i.vTaskSuspendAll                        0x08003458   Section        0  tasks.o(i.vTaskSuspendAll)
    i.vTaskSwitchContext                     0x08003468   Section        0  tasks.o(i.vTaskSwitchContext)
    i.writeConfig                            0x080034f4   Section        0  nrfxxxhandler.o(i.writeConfig)
    writeConfig                              0x080034f5   Thumb Code    26  nrfxxxhandler.o(i.writeConfig)
    i.writeRxAddr                            0x0800350e   Section        0  nrfxxxhandler.o(i.writeRxAddr)
    writeRxAddr                              0x0800350f   Thumb Code    14  nrfxxxhandler.o(i.writeRxAddr)
    i.writeTxAddr                            0x0800351c   Section        0  nrfxxxhandler.o(i.writeTxAddr)
    writeTxAddr                              0x0800351d   Thumb Code    14  nrfxxxhandler.o(i.writeTxAddr)
    i.writeTxPayload                         0x0800352a   Section        0  nrfxxxhandler.o(i.writeTxPayload)
    writeTxPayload                           0x0800352b   Thumb Code    18  nrfxxxhandler.o(i.writeTxPayload)
    i.xPortStartScheduler                    0x0800353c   Section        0  port.o(i.xPortStartScheduler)
    i.xPortSysTickHandler                    0x080035dc   Section        0  port.o(i.xPortSysTickHandler)
    i.xQueueCreateMutex                      0x08003610   Section        0  queue.o(i.xQueueCreateMutex)
    i.xQueueGenericCreate                    0x08003632   Section        0  queue.o(i.xQueueGenericCreate)
    i.xQueueGenericReceive                   0x0800368c   Section        0  queue.o(i.xQueueGenericReceive)
    i.xQueueGenericReset                     0x08003850   Section        0  queue.o(i.xQueueGenericReset)
    i.xQueueGenericSend                      0x080038e8   Section        0  queue.o(i.xQueueGenericSend)
    i.xQueueGenericSendFromISR               0x08003a90   Section        0  queue.o(i.xQueueGenericSendFromISR)
    i.xQueueGiveFromISR                      0x08003b88   Section        0  queue.o(i.xQueueGiveFromISR)
    i.xQueueReceiveFromISR                   0x08003c68   Section        0  queue.o(i.xQueueReceiveFromISR)
    i.xTaskCheckForTimeOut                   0x08003d34   Section        0  tasks.o(i.xTaskCheckForTimeOut)
    i.xTaskCreate                            0x08003dc0   Section        0  tasks.o(i.xTaskCreate)
    i.xTaskGetSchedulerState                 0x08003e20   Section        0  tasks.o(i.xTaskGetSchedulerState)
    i.xTaskGetTickCount                      0x08003e40   Section        0  tasks.o(i.xTaskGetTickCount)
    i.xTaskIncrementTick                     0x08003e4c   Section        0  tasks.o(i.xTaskIncrementTick)
    i.xTaskPriorityDisinherit                0x08003f94   Section        0  tasks.o(i.xTaskPriorityDisinherit)
    i.xTaskRemoveFromEventList               0x0800405c   Section        0  tasks.o(i.xTaskRemoveFromEventList)
    i.xTaskResumeAll                         0x080040f4   Section        0  tasks.o(i.xTaskResumeAll)
    i.xTimerCreate                           0x080041f8   Section        0  timers.o(i.xTimerCreate)
    i.xTimerCreateTimerTask                  0x08004228   Section        0  timers.o(i.xTimerCreateTimerTask)
    i.xTimerGenericCommand                   0x0800427c   Section        0  timers.o(i.xTimerGenericCommand)
    .constdata                               0x08004300   Section       44  main.o(.constdata)
    .constdata                               0x0800432c   Section       60  nrfxxxhandler.o(.constdata)
    unNRFxxxMODE_PIN_LEVEL                   0x0800432c   Data           4  nrfxxxhandler.o(.constdata)
    unCAR_REMOTE_HOPPING_TAB                 0x08004330   Data          24  nrfxxxhandler.o(.constdata)
    NRFxxx_CR_DEFAULT                        0x08004348   Data          32  nrfxxxhandler.o(.constdata)
    .constdata                               0x08004368   Section       24  system_stm32f1xx.o(.constdata)
    .conststring                             0x08004380   Section       26  main.o(.conststring)
    .data                                    0x20000000   Section       12  port.o(.data)
    uxCriticalNesting                        0x20000000   Data           4  port.o(.data)
    ucMaxSysCallPriority                     0x20000004   Data           1  port.o(.data)
    ulMaxPRIGROUPValue                       0x20000008   Data           4  port.o(.data)
    .data                                    0x2000000c   Section       60  tasks.o(.data)
    pxDelayedTaskList                        0x20000010   Data           4  tasks.o(.data)
    pxOverflowDelayedTaskList                0x20000014   Data           4  tasks.o(.data)
    uxDeletedTasksWaitingCleanUp             0x20000018   Data           4  tasks.o(.data)
    uxCurrentNumberOfTasks                   0x2000001c   Data           4  tasks.o(.data)
    xTickCount                               0x20000020   Data           4  tasks.o(.data)
    uxTopReadyPriority                       0x20000024   Data           4  tasks.o(.data)
    xSchedulerRunning                        0x20000028   Data           4  tasks.o(.data)
    uxPendedTicks                            0x2000002c   Data           4  tasks.o(.data)
    xYieldPending                            0x20000030   Data           4  tasks.o(.data)
    xNumOfOverflows                          0x20000034   Data           4  tasks.o(.data)
    uxTaskNumber                             0x20000038   Data           4  tasks.o(.data)
    xNextTaskUnblockTime                     0x2000003c   Data           4  tasks.o(.data)
    xIdleTaskHandle                          0x20000040   Data           4  tasks.o(.data)
    uxSchedulerSuspended                     0x20000044   Data           4  tasks.o(.data)
    .data                                    0x20000048   Section       20  timers.o(.data)
    pxCurrentTimerList                       0x20000048   Data           4  timers.o(.data)
    pxOverflowTimerList                      0x2000004c   Data           4  timers.o(.data)
    xTimerQueue                              0x20000050   Data           4  timers.o(.data)
    xTimerTaskHandle                         0x20000054   Data           4  timers.o(.data)
    xLastTime                                0x20000058   Data           4  timers.o(.data)
    .data                                    0x2000005c   Section       24  heap_4.o(.data)
    xStart                                   0x2000005c   Data           8  heap_4.o(.data)
    pxEnd                                    0x20000064   Data           4  heap_4.o(.data)
    xFreeBytesRemaining                      0x20000068   Data           4  heap_4.o(.data)
    xMinimumEverFreeBytesRemaining           0x2000006c   Data           4  heap_4.o(.data)
    xBlockAllocatedBit                       0x20000070   Data           4  heap_4.o(.data)
    .data                                    0x20000074   Section       24  main.o(.data)
    .data                                    0x2000008c   Section       12  nrfxxxhandler.o(.data)
    tRemoteCarStatus                         0x2000008c   Data           6  nrfxxxhandler.o(.data)
    .data                                    0x20000098   Section        4  stm32f1xx_hal.o(.data)
    .data                                    0x2000009c   Section        4  system_stm32f1xx.o(.data)
    .bss                                     0x200000a0   Section      240  tasks.o(.bss)
    pxReadyTasksLists                        0x200000a0   Data         140  tasks.o(.bss)
    xDelayedTaskList1                        0x2000012c   Data          20  tasks.o(.bss)
    xDelayedTaskList2                        0x20000140   Data          20  tasks.o(.bss)
    xPendingReadyList                        0x20000154   Data          20  tasks.o(.bss)
    xTasksWaitingTermination                 0x20000168   Data          20  tasks.o(.bss)
    xSuspendedTaskList                       0x2000017c   Data          20  tasks.o(.bss)
    .bss                                     0x20000190   Section       40  timers.o(.bss)
    xActiveTimerList1                        0x20000190   Data          20  timers.o(.bss)
    xActiveTimerList2                        0x200001a4   Data          20  timers.o(.bss)
    .bss                                     0x200001b8   Section       64  queue.o(.bss)
    .bss                                     0x200001f8   Section     4096  heap_4.o(.bss)
    ucHeap                                   0x200001f8   Data        4096  heap_4.o(.bss)
    .bss                                     0x200011f8   Section       64  stm32f1xx_hal_timebase_tim.o(.bss)
    .bss                                     0x20001238   Section      224  main.o(.bss)
    .bss                                     0x20001318   Section      166  nrfxxxhandler.o(.bss)
    tNRFxxxStatus                            0x20001318   Data          24  nrfxxxhandler.o(.bss)
    unTxBuff                                 0x2000133a   Data          33  nrfxxxhandler.o(.bss)
    unRxBuff                                 0x2000135b   Data          33  nrfxxxhandler.o(.bss)
    unTxBuff                                 0x2000137c   Data          33  nrfxxxhandler.o(.bss)
    unRxBuff                                 0x2000139d   Data          33  nrfxxxhandler.o(.bss)
    STACK                                    0x200013c0   Section     1024  startup_stm32f103xb.o(STACK)

    Global Symbols

    Symbol Name                              Value     Ov Type        Size  Object(Section)

    BuildAttributes$$THM_ISAv4$P$D$K$B$S$PE$A:L22UL41UL21$X:L11$S22US41US21$IEEE1$IW$USESV6$~STKCKD$USESV7$~SHL$OSPACE$EBA8$MICROLIB$REQ8$PRES8$EABIv2 0x00000000   Number         0  anon$$obj.o ABSOLUTE
    __ARM_use_no_argv                        0x00000000   Number         0  main.o ABSOLUTE
    __cpp_initialize__aeabi_                  - Undefined Weak Reference
    __cxa_finalize                            - Undefined Weak Reference
    __decompress                              - Undefined Weak Reference
    _clock_init                               - Undefined Weak Reference
    _microlib_exit                            - Undefined Weak Reference
    __Vectors_Size                           0x000000ec   Number         0  startup_stm32f103xb.o ABSOLUTE
    __Vectors                                0x08000000   Data           4  startup_stm32f103xb.o(RESET)
    __Vectors_End                            0x080000ec   Data           0  startup_stm32f103xb.o(RESET)
    __main                                   0x080000ed   Thumb Code     0  entry.o(.ARM.Collect$$$$00000000)
    _main_stk                                0x080000ed   Thumb Code     0  entry2.o(.ARM.Collect$$$$00000001)
    _main_scatterload                        0x080000f1   Thumb Code     0  entry5.o(.ARM.Collect$$$$00000004)
    __main_after_scatterload                 0x080000f5   Thumb Code     0  entry5.o(.ARM.Collect$$$$00000004)
    _main_clock                              0x080000f5   Thumb Code     0  entry7b.o(.ARM.Collect$$$$00000008)
    _main_cpp_init                           0x080000f5   Thumb Code     0  entry8b.o(.ARM.Collect$$$$0000000A)
    _main_init                               0x080000f5   Thumb Code     0  entry9a.o(.ARM.Collect$$$$0000000B)
    __rt_final_cpp                           0x080000fd   Thumb Code     0  entry10a.o(.ARM.Collect$$$$0000000D)
    __rt_final_exit                          0x080000fd   Thumb Code     0  entry11a.o(.ARM.Collect$$$$0000000F)
    SVC_Handler                              0x08000101   Thumb Code    32  port.o(.emb_text)
    __asm___6_port_c_39a90d8d__prvStartFirstTask 0x08000125   Thumb Code    28  port.o(.emb_text)
    PendSV_Handler                           0x08000145   Thumb Code    72  port.o(.emb_text)
    vPortGetIPSR                             0x08000191   Thumb Code     6  port.o(.emb_text)
    Reset_Handler                            0x08000199   Thumb Code     8  startup_stm32f103xb.o(.text)
    ADC1_2_IRQHandler                        0x080001b3   Thumb Code     0  startup_stm32f103xb.o(.text)
    CAN1_RX1_IRQHandler                      0x080001b3   Thumb Code     0  startup_stm32f103xb.o(.text)
    CAN1_SCE_IRQHandler                      0x080001b3   Thumb Code     0  startup_stm32f103xb.o(.text)
    DMA1_Channel1_IRQHandler                 0x080001b3   Thumb Code     0  startup_stm32f103xb.o(.text)
    DMA1_Channel4_IRQHandler                 0x080001b3   Thumb Code     0  startup_stm32f103xb.o(.text)
    DMA1_Channel5_IRQHandler                 0x080001b3   Thumb Code     0  startup_stm32f103xb.o(.text)
    DMA1_Channel6_IRQHandler                 0x080001b3   Thumb Code     0  startup_stm32f103xb.o(.text)
    DMA1_Channel7_IRQHandler                 0x080001b3   Thumb Code     0  startup_stm32f103xb.o(.text)
    EXTI0_IRQHandler                         0x080001b3   Thumb Code     0  startup_stm32f103xb.o(.text)
    EXTI15_10_IRQHandler                     0x080001b3   Thumb Code     0  startup_stm32f103xb.o(.text)
    EXTI1_IRQHandler                         0x080001b3   Thumb Code     0  startup_stm32f103xb.o(.text)
    EXTI2_IRQHandler                         0x080001b3   Thumb Code     0  startup_stm32f103xb.o(.text)
    EXTI3_IRQHandler                         0x080001b3   Thumb Code     0  startup_stm32f103xb.o(.text)
    EXTI9_5_IRQHandler                       0x080001b3   Thumb Code     0  startup_stm32f103xb.o(.text)
    FLASH_IRQHandler                         0x080001b3   Thumb Code     0  startup_stm32f103xb.o(.text)
    I2C1_ER_IRQHandler                       0x080001b3   Thumb Code     0  startup_stm32f103xb.o(.text)
    I2C1_EV_IRQHandler                       0x080001b3   Thumb Code     0  startup_stm32f103xb.o(.text)
    I2C2_ER_IRQHandler                       0x080001b3   Thumb Code     0  startup_stm32f103xb.o(.text)
    I2C2_EV_IRQHandler                       0x080001b3   Thumb Code     0  startup_stm32f103xb.o(.text)
    PVD_IRQHandler                           0x080001b3   Thumb Code     0  startup_stm32f103xb.o(.text)
    RCC_IRQHandler                           0x080001b3   Thumb Code     0  startup_stm32f103xb.o(.text)
    RTC_Alarm_IRQHandler                     0x080001b3   Thumb Code     0  startup_stm32f103xb.o(.text)
    RTC_IRQHandler                           0x080001b3   Thumb Code     0  startup_stm32f103xb.o(.text)
    SPI1_IRQHandler                          0x080001b3   Thumb Code     0  startup_stm32f103xb.o(.text)
    SPI2_IRQHandler                          0x080001b3   Thumb Code     0  startup_stm32f103xb.o(.text)
    TAMPER_IRQHandler                        0x080001b3   Thumb Code     0  startup_stm32f103xb.o(.text)
    TIM1_BRK_IRQHandler                      0x080001b3   Thumb Code     0  startup_stm32f103xb.o(.text)
    TIM1_CC_IRQHandler                       0x080001b3   Thumb Code     0  startup_stm32f103xb.o(.text)
    TIM1_TRG_COM_IRQHandler                  0x080001b3   Thumb Code     0  startup_stm32f103xb.o(.text)
    TIM2_IRQHandler                          0x080001b3   Thumb Code     0  startup_stm32f103xb.o(.text)
    TIM3_IRQHandler                          0x080001b3   Thumb Code     0  startup_stm32f103xb.o(.text)
    TIM4_IRQHandler                          0x080001b3   Thumb Code     0  startup_stm32f103xb.o(.text)
    USART1_IRQHandler                        0x080001b3   Thumb Code     0  startup_stm32f103xb.o(.text)
    USART2_IRQHandler                        0x080001b3   Thumb Code     0  startup_stm32f103xb.o(.text)
    USART3_IRQHandler                        0x080001b3   Thumb Code     0  startup_stm32f103xb.o(.text)
    USBWakeUp_IRQHandler                     0x080001b3   Thumb Code     0  startup_stm32f103xb.o(.text)
    USB_HP_CAN1_TX_IRQHandler                0x080001b3   Thumb Code     0  startup_stm32f103xb.o(.text)
    USB_LP_CAN1_RX0_IRQHandler               0x080001b3   Thumb Code     0  startup_stm32f103xb.o(.text)
    WWDG_IRQHandler                          0x080001b3   Thumb Code     0  startup_stm32f103xb.o(.text)
    __aeabi_memcpy                           0x080001bd   Thumb Code    36  memcpya.o(.text)
    __aeabi_memcpy4                          0x080001bd   Thumb Code     0  memcpya.o(.text)
    __aeabi_memcpy8                          0x080001bd   Thumb Code     0  memcpya.o(.text)
    __scatterload                            0x080001e1   Thumb Code    28  init.o(.text)
    __scatterload_rt2                        0x080001e1   Thumb Code     0  init.o(.text)
    BusFault_Handler                         0x08000205   Thumb Code     4  stm32f1xx_it.o(i.BusFault_Handler)
    DMA1_Channel2_IRQHandler                 0x08000209   Thumb Code    10  stm32f1xx_it.o(i.DMA1_Channel2_IRQHandler)
    DMA1_Channel3_IRQHandler                 0x08000219   Thumb Code    10  stm32f1xx_it.o(i.DMA1_Channel3_IRQHandler)
    DebugMon_Handler                         0x08000255   Thumb Code     2  stm32f1xx_it.o(i.DebugMon_Handler)
    EXTI4_IRQHandler                         0x08000257   Thumb Code    10  stm32f1xx_it.o(i.EXTI4_IRQHandler)
    HAL_DMA_IRQHandler                       0x08000261   Thumb Code   408  stm32f1xx_hal_dma.o(i.HAL_DMA_IRQHandler)
    HAL_DMA_Init                             0x080003fd   Thumb Code   108  stm32f1xx_hal_dma.o(i.HAL_DMA_Init)
    HAL_DMA_Start_IT                         0x0800046d   Thumb Code   156  stm32f1xx_hal_dma.o(i.HAL_DMA_Start_IT)
    HAL_GPIO_EXTI_Callback                   0x08000509   Thumb Code    20  user_gpio_exti_irqhandler.o(i.HAL_GPIO_EXTI_Callback)
    HAL_GPIO_EXTI_IRQHandler                 0x0800051d   Thumb Code    24  stm32f1xx_hal_gpio.o(i.HAL_GPIO_EXTI_IRQHandler)
    HAL_GPIO_Init                            0x08000539   Thumb Code   764  stm32f1xx_hal_gpio.o(i.HAL_GPIO_Init)
    HAL_GPIO_TogglePin                       0x08000855   Thumb Code     8  stm32f1xx_hal_gpio.o(i.HAL_GPIO_TogglePin)
    HAL_GPIO_WritePin                        0x0800085d   Thumb Code    12  stm32f1xx_hal_gpio.o(i.HAL_GPIO_WritePin)
    HAL_GetTick                              0x08000869   Thumb Code     6  stm32f1xx_hal.o(i.HAL_GetTick)
    HAL_IncTick                              0x08000875   Thumb Code    12  stm32f1xx_hal.o(i.HAL_IncTick)
    HAL_Init                                 0x08000885   Thumb Code    34  stm32f1xx_hal.o(i.HAL_Init)
    HAL_InitTick                             0x080008ad   Thumb Code   118  stm32f1xx_hal_timebase_tim.o(i.HAL_InitTick)
    HAL_MspInit                              0x08000935   Thumb Code   140  stm32f1xx_hal_msp.o(i.HAL_MspInit)
    HAL_NVIC_EnableIRQ                       0x080009c9   Thumb Code    26  stm32f1xx_hal_cortex.o(i.HAL_NVIC_EnableIRQ)
    HAL_NVIC_SetPriority                     0x080009e3   Thumb Code   124  stm32f1xx_hal_cortex.o(i.HAL_NVIC_SetPriority)
    HAL_NVIC_SetPriorityGrouping             0x08000a61   Thumb Code    32  stm32f1xx_hal_cortex.o(i.HAL_NVIC_SetPriorityGrouping)
    HAL_RCC_ClockConfig                      0x08000a89   Thumb Code   402  stm32f1xx_hal_rcc.o(i.HAL_RCC_ClockConfig)
    HAL_RCC_GetClockConfig                   0x08000c2d   Thumb Code    58  stm32f1xx_hal_rcc.o(i.HAL_RCC_GetClockConfig)
    HAL_RCC_GetHCLKFreq                      0x08000c71   Thumb Code     6  stm32f1xx_hal_rcc.o(i.HAL_RCC_GetHCLKFreq)
    HAL_RCC_GetPCLK2Freq                     0x08000c7d   Thumb Code    22  stm32f1xx_hal_rcc.o(i.HAL_RCC_GetPCLK2Freq)
    HAL_RCC_GetSysClockFreq                  0x08000c9d   Thumb Code   118  stm32f1xx_hal_rcc.o(i.HAL_RCC_GetSysClockFreq)
    HAL_RCC_OscConfig                        0x08000d35   Thumb Code  1078  stm32f1xx_hal_rcc.o(i.HAL_RCC_OscConfig)
    HAL_SPI_ErrorCallback                    0x08001175   Thumb Code     2  stm32f1xx_hal_spi.o(i.HAL_SPI_ErrorCallback)
    HAL_SPI_Init                             0x08001177   Thumb Code   134  stm32f1xx_hal_spi_ex.o(i.HAL_SPI_Init)
    HAL_SPI_MspInit                          0x080011fd   Thumb Code   194  stm32f1xx_hal_msp.o(i.HAL_SPI_MspInit)
    HAL_SPI_RxCpltCallback                   0x080012f5   Thumb Code     2  stm32f1xx_hal_spi.o(i.HAL_SPI_RxCpltCallback)
    HAL_SPI_RxHalfCpltCallback               0x080012f7   Thumb Code     2  stm32f1xx_hal_spi.o(i.HAL_SPI_RxHalfCpltCallback)
    HAL_SPI_TransmitReceive_DMA              0x080012f9   Thumb Code   302  stm32f1xx_hal_spi.o(i.HAL_SPI_TransmitReceive_DMA)
    HAL_SPI_TxRxCpltCallback                 0x0800143d   Thumb Code    20  nrfxxxhandler.o(i.HAL_SPI_TxRxCpltCallback)
    HAL_SPI_TxRxHalfCpltCallback             0x08001459   Thumb Code     2  stm32f1xx_hal_spi.o(i.HAL_SPI_TxRxHalfCpltCallback)
    HAL_SYSTICK_CLKSourceConfig              0x0800145b   Thumb Code    40  stm32f1xx_hal_cortex.o(i.HAL_SYSTICK_CLKSourceConfig)
    HAL_SYSTICK_Config                       0x08001483   Thumb Code    52  stm32f1xx_hal_cortex.o(i.HAL_SYSTICK_Config)
    HAL_TIMEx_BreakCallback                  0x080014b7   Thumb Code     2  stm32f1xx_hal_tim_ex.o(i.HAL_TIMEx_BreakCallback)
    HAL_TIMEx_CommutationCallback            0x080014b9   Thumb Code     2  stm32f1xx_hal_tim_ex.o(i.HAL_TIMEx_CommutationCallback)
    HAL_TIM_Base_Init                        0x080014bb   Thumb Code    52  stm32f1xx_hal_tim.o(i.HAL_TIM_Base_Init)
    HAL_TIM_Base_MspInit                     0x080014ef   Thumb Code     2  stm32f1xx_hal_tim.o(i.HAL_TIM_Base_MspInit)
    HAL_TIM_Base_Start_IT                    0x080014f1   Thumb Code    30  stm32f1xx_hal_tim.o(i.HAL_TIM_Base_Start_IT)
    HAL_TIM_IC_CaptureCallback               0x0800150f   Thumb Code     2  stm32f1xx_hal_tim.o(i.HAL_TIM_IC_CaptureCallback)
    HAL_TIM_IRQHandler                       0x08001511   Thumb Code   406  stm32f1xx_hal_tim.o(i.HAL_TIM_IRQHandler)
    HAL_TIM_OC_DelayElapsedCallback          0x080016a7   Thumb Code     2  stm32f1xx_hal_tim.o(i.HAL_TIM_OC_DelayElapsedCallback)
    HAL_TIM_PWM_PulseFinishedCallback        0x080016a9   Thumb Code     2  stm32f1xx_hal_tim.o(i.HAL_TIM_PWM_PulseFinishedCallback)
    HAL_TIM_PeriodElapsedCallback            0x080016ad   Thumb Code    18  main.o(i.HAL_TIM_PeriodElapsedCallback)
    HAL_TIM_TriggerCallback                  0x080016c5   Thumb Code     2  stm32f1xx_hal_tim.o(i.HAL_TIM_TriggerCallback)
    HardFault_Handler                        0x080016c7   Thumb Code     4  stm32f1xx_it.o(i.HardFault_Handler)
    MemManage_Handler                        0x08001879   Thumb Code     4  stm32f1xx_it.o(i.MemManage_Handler)
    NMI_Handler                              0x0800187d   Thumb Code     2  stm32f1xx_it.o(i.NMI_Handler)
    StartDefaultTask                         0x08001ab5   Thumb Code    10  main.o(i.StartDefaultTask)
    SysTick_Handler                          0x08001abf   Thumb Code     8  stm32f1xx_it.o(i.SysTick_Handler)
    SystemClock_Config                       0x08001ac9   Thumb Code   128  main.o(i.SystemClock_Config)
    SystemInit                               0x08001b59   Thumb Code    70  system_stm32f1xx.o(i.SystemInit)
    TIM1_UP_IRQHandler                       0x08001bb1   Thumb Code    10  stm32f1xx_it.o(i.TIM1_UP_IRQHandler)
    TIM_Base_SetConfig                       0x08001bc1   Thumb Code   102  stm32f1xx_hal_tim.o(i.TIM_Base_SetConfig)
    UsageFault_Handler                       0x08001c35   Thumb Code     4  stm32f1xx_it.o(i.UsageFault_Handler)
    _Error_Handler                           0x08001c39   Thumb Code     4  main.o(i._Error_Handler)
    __scatterload_copy                       0x08001c3d   Thumb Code    14  handlers.o(i.__scatterload_copy)
    __scatterload_null                       0x08001c4b   Thumb Code     2  handlers.o(i.__scatterload_null)
    __scatterload_zeroinit                   0x08001c4d   Thumb Code    14  handlers.o(i.__scatterload_zeroinit)
    main                                     0x08001c81   Thumb Code   144  main.o(i.main)
    nRFxxxDataReadyHandler                   0x08001d71   Thumb Code    14  nrfxxxhandler.o(i.nRFxxxDataReadyHandler)
    nRFxxxSendFrame                          0x08001ed9   Thumb Code   148  nrfxxxhandler.o(i.nRFxxxSendFrame)
    osDelay                                  0x08001f79   Thumb Code    24  cmsis_os.o(i.osDelay)
    osKernelStart                            0x08001f91   Thumb Code    10  cmsis_os.o(i.osKernelStart)
    osMutexCreate                            0x08001f9b   Thumb Code    12  cmsis_os.o(i.osMutexCreate)
    osMutexRelease                           0x08001fa9   Thumb Code    76  cmsis_os.o(i.osMutexRelease)
    osMutexWait                              0x08001ff9   Thumb Code   104  cmsis_os.o(i.osMutexWait)
    osSemaphoreCreate                        0x08002065   Thumb Code    44  cmsis_os.o(i.osSemaphoreCreate)
    osSemaphoreRelease                       0x08002091   Thumb Code    76  cmsis_os.o(i.osSemaphoreRelease)
    osSemaphoreWait                          0x080020e1   Thumb Code   104  cmsis_os.o(i.osSemaphoreWait)
    osSystickHandler                         0x0800214d   Thumb Code    16  cmsis_os.o(i.osSystickHandler)
    osThreadCreate                           0x0800215d   Thumb Code    48  cmsis_os.o(i.osThreadCreate)
    osTimerCreate                            0x0800218d   Thumb Code    36  cmsis_os.o(i.osTimerCreate)
    osTimerStart                             0x080021b5   Thumb Code   100  cmsis_os.o(i.osTimerStart)
    pvPortMalloc                             0x08002bf9   Thumb Code   296  heap_4.o(i.pvPortMalloc)
    pvTaskIncrementMutexHeldCount            0x08002d35   Thumb Code    26  tasks.o(i.pvTaskIncrementMutexHeldCount)
    pxPortInitialiseStack                    0x08002d55   Thumb Code    30  port.o(i.pxPortInitialiseStack)
    queryCarStatus                           0x08002d79   Thumb Code    62  nrfxxxhandler.o(i.queryCarStatus)
    startNRFxxxTrans                         0x08002f11   Thumb Code    34  nrfxxxhandler.o(i.startNRFxxxTrans)
    uxListRemove                             0x08002f3d   Thumb Code    40  list.o(i.uxListRemove)
    vListInitialise                          0x08002f65   Thumb Code    26  list.o(i.vListInitialise)
    vListInitialiseItem                      0x08002f7f   Thumb Code     6  list.o(i.vListInitialiseItem)
    vListInsert                              0x08002f85   Thumb Code    52  list.o(i.vListInsert)
    vListInsertEnd                           0x08002fb9   Thumb Code    24  list.o(i.vListInsertEnd)
    vPortEnterCritical                       0x08002fd1   Thumb Code    76  port.o(i.vPortEnterCritical)
    vPortExitCritical                        0x08003025   Thumb Code    56  port.o(i.vPortExitCritical)
    vPortFree                                0x08003061   Thumb Code   140  heap_4.o(i.vPortFree)
    vPortSetupTimerInterrupt                 0x080030f5   Thumb Code    26  port.o(i.vPortSetupTimerInterrupt)
    vPortValidateInterruptPriority           0x08003115   Thumb Code   106  port.o(i.vPortValidateInterruptPriority)
    vQueueAddToRegistry                      0x0800318d   Thumb Code    38  queue.o(i.vQueueAddToRegistry)
    vQueueWaitForMessageRestricted           0x080031b9   Thumb Code    74  queue.o(i.vQueueWaitForMessageRestricted)
    vTaskDelay                               0x08003205   Thumb Code    82  tasks.o(i.vTaskDelay)
    vTaskMissedYield                         0x08003261   Thumb Code     8  tasks.o(i.vTaskMissedYield)
    vTaskPlaceOnEventList                    0x0800326d   Thumb Code    52  tasks.o(i.vTaskPlaceOnEventList)
    vTaskPlaceOnEventListRestricted          0x080032a5   Thumb Code    60  tasks.o(i.vTaskPlaceOnEventListRestricted)
    vTaskPriorityInherit                     0x080032e5   Thumb Code   164  tasks.o(i.vTaskPriorityInherit)
    vTaskSetTimeOutState                     0x08003395   Thumb Code    38  tasks.o(i.vTaskSetTimeOutState)
    vTaskStartScheduler                      0x080033c5   Thumb Code   118  tasks.o(i.vTaskStartScheduler)
    vTaskSuspendAll                          0x08003459   Thumb Code    12  tasks.o(i.vTaskSuspendAll)
    vTaskSwitchContext                       0x08003469   Thumb Code   118  tasks.o(i.vTaskSwitchContext)
    xPortStartScheduler                      0x0800353d   Thumb Code   140  port.o(i.xPortStartScheduler)
    xPortSysTickHandler                      0x080035dd   Thumb Code    46  port.o(i.xPortSysTickHandler)
    xQueueCreateMutex                        0x08003611   Thumb Code    34  queue.o(i.xQueueCreateMutex)
    xQueueGenericCreate                      0x08003633   Thumb Code    88  queue.o(i.xQueueGenericCreate)
    xQueueGenericReceive                     0x0800368d   Thumb Code   446  queue.o(i.xQueueGenericReceive)
    xQueueGenericReset                       0x08003851   Thumb Code   146  queue.o(i.xQueueGenericReset)
    xQueueGenericSend                        0x080038e9   Thumb Code   420  queue.o(i.xQueueGenericSend)
    xQueueGenericSendFromISR                 0x08003a91   Thumb Code   248  queue.o(i.xQueueGenericSendFromISR)
    xQueueGiveFromISR                        0x08003b89   Thumb Code   224  queue.o(i.xQueueGiveFromISR)
    xQueueReceiveFromISR                     0x08003c69   Thumb Code   202  queue.o(i.xQueueReceiveFromISR)
    xTaskCheckForTimeOut                     0x08003d35   Thumb Code   132  tasks.o(i.xTaskCheckForTimeOut)
    xTaskCreate                              0x08003dc1   Thumb Code    96  tasks.o(i.xTaskCreate)
    xTaskGetSchedulerState                   0x08003e21   Thumb Code    24  tasks.o(i.xTaskGetSchedulerState)
    xTaskGetTickCount                        0x08003e41   Thumb Code     6  tasks.o(i.xTaskGetTickCount)
    xTaskIncrementTick                       0x08003e4d   Thumb Code   282  tasks.o(i.xTaskIncrementTick)
    xTaskPriorityDisinherit                  0x08003f95   Thumb Code   188  tasks.o(i.xTaskPriorityDisinherit)
    xTaskRemoveFromEventList                 0x0800405d   Thumb Code   128  tasks.o(i.xTaskRemoveFromEventList)
    xTaskResumeAll                           0x080040f5   Thumb Code   224  tasks.o(i.xTaskResumeAll)
    xTimerCreate                             0x080041f9   Thumb Code    48  timers.o(i.xTimerCreate)
    xTimerCreateTimerTask                    0x08004229   Thumb Code    64  timers.o(i.xTimerCreateTimerTask)
    xTimerGenericCommand                     0x0800427d   Thumb Code   126  timers.o(i.xTimerGenericCommand)
    AHBPrescTable                            0x08004368   Data          16  system_stm32f1xx.o(.constdata)
    APBPrescTable                            0x08004378   Data           8  system_stm32f1xx.o(.constdata)
    Region$$Table$$Base                      0x0800439c   Number         0  anon$$obj.o(Region$$Table)
    Region$$Table$$Limit                     0x080043bc   Number         0  anon$$obj.o(Region$$Table)
    pxCurrentTCB                             0x2000000c   Data           4  tasks.o(.data)
    defaultTaskHandle                        0x20000074   Data           4  main.o(.data)
    nRFxxxHandlerHandle                      0x20000078   Data           4  main.o(.data)
    nCarStatusHandle                         0x2000007c   Data           4  main.o(.data)
    nRFxxxOccupyHandle                       0x20000080   Data           4  main.o(.data)
    nRFxxxSPIDMACpltHandle                   0x20000084   Data           4  main.o(.data)
    DataReadySetHandle                       0x20000088   Data           4  main.o(.data)
    unSysTickTest                            0x20000094   Data           4  nrfxxxhandler.o(.data)
    uwTick                                   0x20000098   Data           4  stm32f1xx_hal.o(.data)
    SystemCoreClock                          0x2000009c   Data           4  system_stm32f1xx.o(.data)
    xQueueRegistry                           0x200001b8   Data          64  queue.o(.bss)
    htim1                                    0x200011f8   Data          64  stm32f1xx_hal_timebase_tim.o(.bss)
    hspi1                                    0x20001238   Data          88  main.o(.bss)
    hdma_spi1_tx                             0x20001290   Data          68  main.o(.bss)
    hdma_spi1_rx                             0x200012d4   Data          68  main.o(.bss)
    unReadConfBuff                           0x20001330   Data          10  nrfxxxhandler.o(.bss)
    __initial_sp                             0x200017c0   Data           0  startup_stm32f103xb.o(STACK)



==============================================================================

Memory Map of the image

  Image Entry point : 0x080000ed

  Load Region LR_IROM1 (Base: 0x08000000, Size: 0x0000445c, Max: 0x00020000, ABSOLUTE)

    Execution Region ER_IROM1 (Exec base: 0x08000000, Load base: 0x08000000, Size: 0x000043bc, Max: 0x00020000, ABSOLUTE)

    Exec Addr    Load Addr    Size         Type   Attr      Idx    E Section Name        Object

    0x08000000   0x08000000   0x000000ec   Data   RO         3961    RESET               startup_stm32f103xb.o
    0x080000ec   0x080000ec   0x00000000   Code   RO         3966  * .ARM.Collect$$$$00000000  mc_w.l(entry.o)
    0x080000ec   0x080000ec   0x00000004   Code   RO         3975    .ARM.Collect$$$$00000001  mc_w.l(entry2.o)
    0x080000f0   0x080000f0   0x00000004   Code   RO         3978    .ARM.Collect$$$$00000004  mc_w.l(entry5.o)
    0x080000f4   0x080000f4   0x00000000   Code   RO         3980    .ARM.Collect$$$$00000008  mc_w.l(entry7b.o)
    0x080000f4   0x080000f4   0x00000000   Code   RO         3982    .ARM.Collect$$$$0000000A  mc_w.l(entry8b.o)
    0x080000f4   0x080000f4   0x00000008   Code   RO         3983    .ARM.Collect$$$$0000000B  mc_w.l(entry9a.o)
    0x080000fc   0x080000fc   0x00000000   Code   RO         3985    .ARM.Collect$$$$0000000D  mc_w.l(entry10a.o)
    0x080000fc   0x080000fc   0x00000000   Code   RO         3987    .ARM.Collect$$$$0000000F  mc_w.l(entry11a.o)
    0x080000fc   0x080000fc   0x00000004   Code   RO         3976    .ARM.Collect$$$$00002712  mc_w.l(entry2.o)
    0x08000100   0x08000100   0x00000096   Code   RO            1    .emb_text           port.o
    0x08000196   0x08000196   0x00000002   PAD
    0x08000198   0x08000198   0x00000024   Code   RO         3962    .text               startup_stm32f103xb.o
    0x080001bc   0x080001bc   0x00000024   Code   RO         3971    .text               mc_w.l(memcpya.o)
    0x080001e0   0x080001e0   0x00000024   Code   RO         3989    .text               mc_w.l(init.o)
    0x08000204   0x08000204   0x00000004   Code   RO         1389    i.BusFault_Handler  stm32f1xx_it.o
    0x08000208   0x08000208   0x00000010   Code   RO         1390    i.DMA1_Channel2_IRQHandler  stm32f1xx_it.o
    0x08000218   0x08000218   0x00000010   Code   RO         1391    i.DMA1_Channel3_IRQHandler  stm32f1xx_it.o
    0x08000228   0x08000228   0x0000002c   Code   RO         1874    i.DMA_SetConfig     stm32f1xx_hal_dma.o
    0x08000254   0x08000254   0x00000002   Code   RO         1392    i.DebugMon_Handler  stm32f1xx_it.o
    0x08000256   0x08000256   0x0000000a   Code   RO         1393    i.EXTI4_IRQHandler  stm32f1xx_it.o
    0x08000260   0x08000260   0x0000019c   Code   RO         1880    i.HAL_DMA_IRQHandler  stm32f1xx_hal_dma.o
    0x080003fc   0x080003fc   0x00000070   Code   RO         1881    i.HAL_DMA_Init      stm32f1xx_hal_dma.o
    0x0800046c   0x0800046c   0x0000009c   Code   RO         1885    i.HAL_DMA_Start_IT  stm32f1xx_hal_dma.o
    0x08000508   0x08000508   0x00000014   Code   RO         1604    i.HAL_GPIO_EXTI_Callback  user_gpio_exti_irqhandler.o
    0x0800051c   0x0800051c   0x0000001c   Code   RO         1971    i.HAL_GPIO_EXTI_IRQHandler  stm32f1xx_hal_gpio.o
    0x08000538   0x08000538   0x0000031c   Code   RO         1972    i.HAL_GPIO_Init     stm32f1xx_hal_gpio.o
    0x08000854   0x08000854   0x00000008   Code   RO         1975    i.HAL_GPIO_TogglePin  stm32f1xx_hal_gpio.o
    0x0800085c   0x0800085c   0x0000000c   Code   RO         1976    i.HAL_GPIO_WritePin  stm32f1xx_hal_gpio.o
    0x08000868   0x08000868   0x0000000c   Code   RO         3562    i.HAL_GetTick       stm32f1xx_hal.o
    0x08000874   0x08000874   0x00000010   Code   RO         3564    i.HAL_IncTick       stm32f1xx_hal.o
    0x08000884   0x08000884   0x00000028   Code   RO         3565    i.HAL_Init          stm32f1xx_hal.o
    0x080008ac   0x080008ac   0x00000088   Code   RO         1274    i.HAL_InitTick      stm32f1xx_hal_timebase_tim.o
    0x08000934   0x08000934   0x00000094   Code   RO         1567    i.HAL_MspInit       stm32f1xx_hal_msp.o
    0x080009c8   0x080009c8   0x0000001a   Code   RO         3179    i.HAL_NVIC_EnableIRQ  stm32f1xx_hal_cortex.o
    0x080009e2   0x080009e2   0x0000007c   Code   RO         3185    i.HAL_NVIC_SetPriority  stm32f1xx_hal_cortex.o
    0x08000a5e   0x08000a5e   0x00000002   PAD
    0x08000a60   0x08000a60   0x00000028   Code   RO         3186    i.HAL_NVIC_SetPriorityGrouping  stm32f1xx_hal_cortex.o
    0x08000a88   0x08000a88   0x000001a4   Code   RO         1768    i.HAL_RCC_ClockConfig  stm32f1xx_hal_rcc.o
    0x08000c2c   0x08000c2c   0x00000044   Code   RO         1772    i.HAL_RCC_GetClockConfig  stm32f1xx_hal_rcc.o
    0x08000c70   0x08000c70   0x0000000c   Code   RO         1773    i.HAL_RCC_GetHCLKFreq  stm32f1xx_hal_rcc.o
    0x08000c7c   0x08000c7c   0x00000020   Code   RO         1776    i.HAL_RCC_GetPCLK2Freq  stm32f1xx_hal_rcc.o
    0x08000c9c   0x08000c9c   0x00000098   Code   RO         1777    i.HAL_RCC_GetSysClockFreq  stm32f1xx_hal_rcc.o
    0x08000d34   0x08000d34   0x00000440   Code   RO         1780    i.HAL_RCC_OscConfig  stm32f1xx_hal_rcc.o
    0x08001174   0x08001174   0x00000002   Code   RO         2042    i.HAL_SPI_ErrorCallback  stm32f1xx_hal_spi.o
    0x08001176   0x08001176   0x00000086   Code   RO         3299    i.HAL_SPI_Init      stm32f1xx_hal_spi_ex.o
    0x080011fc   0x080011fc   0x000000f8   Code   RO         1569    i.HAL_SPI_MspInit   stm32f1xx_hal_msp.o
    0x080012f4   0x080012f4   0x00000002   Code   RO         2052    i.HAL_SPI_RxCpltCallback  stm32f1xx_hal_spi.o
    0x080012f6   0x080012f6   0x00000002   Code   RO         2053    i.HAL_SPI_RxHalfCpltCallback  stm32f1xx_hal_spi.o
    0x080012f8   0x080012f8   0x00000144   Code   RO         2056    i.HAL_SPI_TransmitReceive_DMA  stm32f1xx_hal_spi.o
    0x0800143c   0x0800143c   0x0000001c   Code   RO         1631    i.HAL_SPI_TxRxCpltCallback  nrfxxxhandler.o
    0x08001458   0x08001458   0x00000002   Code   RO         2063    i.HAL_SPI_TxRxHalfCpltCallback  stm32f1xx_hal_spi.o
    0x0800145a   0x0800145a   0x00000028   Code   RO         3188    i.HAL_SYSTICK_CLKSourceConfig  stm32f1xx_hal_cortex.o
    0x08001482   0x08001482   0x00000034   Code   RO         3190    i.HAL_SYSTICK_Config  stm32f1xx_hal_cortex.o
    0x080014b6   0x080014b6   0x00000002   Code   RO         3692    i.HAL_TIMEx_BreakCallback  stm32f1xx_hal_tim_ex.o
    0x080014b8   0x080014b8   0x00000002   Code   RO         3693    i.HAL_TIMEx_CommutationCallback  stm32f1xx_hal_tim_ex.o
    0x080014ba   0x080014ba   0x00000034   Code   RO         2360    i.HAL_TIM_Base_Init  stm32f1xx_hal_tim.o
    0x080014ee   0x080014ee   0x00000002   Code   RO         2362    i.HAL_TIM_Base_MspInit  stm32f1xx_hal_tim.o
    0x080014f0   0x080014f0   0x0000001e   Code   RO         2365    i.HAL_TIM_Base_Start_IT  stm32f1xx_hal_tim.o
    0x0800150e   0x0800150e   0x00000002   Code   RO         2389    i.HAL_TIM_IC_CaptureCallback  stm32f1xx_hal_tim.o
    0x08001510   0x08001510   0x00000196   Code   RO         2402    i.HAL_TIM_IRQHandler  stm32f1xx_hal_tim.o
    0x080016a6   0x080016a6   0x00000002   Code   RO         2405    i.HAL_TIM_OC_DelayElapsedCallback  stm32f1xx_hal_tim.o
    0x080016a8   0x080016a8   0x00000002   Code   RO         2432    i.HAL_TIM_PWM_PulseFinishedCallback  stm32f1xx_hal_tim.o
    0x080016aa   0x080016aa   0x00000002   PAD
    0x080016ac   0x080016ac   0x00000018   Code   RO         1498    i.HAL_TIM_PeriodElapsedCallback  main.o
    0x080016c4   0x080016c4   0x00000002   Code   RO         2443    i.HAL_TIM_TriggerCallback  stm32f1xx_hal_tim.o
    0x080016c6   0x080016c6   0x00000004   Code   RO         1394    i.HardFault_Handler  stm32f1xx_it.o
    0x080016ca   0x080016ca   0x00000002   PAD
    0x080016cc   0x080016cc   0x00000044   Code   RO         1499    i.MX_DMA_Init       main.o
    0x08001710   0x08001710   0x0000010c   Code   RO         1500    i.MX_GPIO_Init      main.o
    0x0800181c   0x0800181c   0x0000005c   Code   RO         1501    i.MX_SPI1_Init      main.o
    0x08001878   0x08001878   0x00000004   Code   RO         1395    i.MemManage_Handler  stm32f1xx_it.o
    0x0800187c   0x0800187c   0x00000002   Code   RO         1396    i.NMI_Handler       stm32f1xx_it.o
    0x0800187e   0x0800187e   0x00000002   PAD
    0x08001880   0x08001880   0x00000010   Code   RO         3192    i.NVIC_GetPriorityGrouping  stm32f1xx_hal_cortex.o
    0x08001890   0x08001890   0x00000028   Code   RO         3193    i.NVIC_SetPriority  stm32f1xx_hal_cortex.o
    0x080018b8   0x080018b8   0x00000028   Code   RO         1781    i.RCC_Delay         stm32f1xx_hal_rcc.o
    0x080018e0   0x080018e0   0x00000028   Code   RO         2070    i.SPI_CheckFlag_BSY  stm32f1xx_hal_spi.o
    0x08001908   0x08001908   0x00000028   Code   RO         2075    i.SPI_DMAError      stm32f1xx_hal_spi.o
    0x08001930   0x08001930   0x0000000e   Code   RO         2076    i.SPI_DMAHalfReceiveCplt  stm32f1xx_hal_spi.o
    0x0800193e   0x0800193e   0x0000000e   Code   RO         2078    i.SPI_DMAHalfTransmitReceiveCplt  stm32f1xx_hal_spi.o
    0x0800194c   0x0800194c   0x00000062   Code   RO         2079    i.SPI_DMAReceiveCplt  stm32f1xx_hal_spi.o
    0x080019ae   0x080019ae   0x0000005c   Code   RO         2082    i.SPI_DMATransmitReceiveCplt  stm32f1xx_hal_spi.o
    0x08001a0a   0x08001a0a   0x000000aa   Code   RO         2089    i.SPI_WaitFlagStateUntilTimeout  stm32f1xx_hal_spi.o
    0x08001ab4   0x08001ab4   0x0000000a   Code   RO         1502    i.StartDefaultTask  main.o
    0x08001abe   0x08001abe   0x00000008   Code   RO         1397    i.SysTick_Handler   stm32f1xx_it.o
    0x08001ac6   0x08001ac6   0x00000002   PAD
    0x08001ac8   0x08001ac8   0x00000090   Code   RO         1503    i.SystemClock_Config  main.o
    0x08001b58   0x08001b58   0x00000058   Code   RO         3926    i.SystemInit        system_stm32f1xx.o
    0x08001bb0   0x08001bb0   0x00000010   Code   RO         1398    i.TIM1_UP_IRQHandler  stm32f1xx_it.o
    0x08001bc0   0x08001bc0   0x00000074   Code   RO         2444    i.TIM_Base_SetConfig  stm32f1xx_hal_tim.o
    0x08001c34   0x08001c34   0x00000004   Code   RO         1399    i.UsageFault_Handler  stm32f1xx_it.o
    0x08001c38   0x08001c38   0x00000004   Code   RO         1504    i._Error_Handler    main.o
    0x08001c3c   0x08001c3c   0x0000000e   Code   RO         3993    i.__scatterload_copy  mc_w.l(handlers.o)
    0x08001c4a   0x08001c4a   0x00000002   Code   RO         3994    i.__scatterload_null  mc_w.l(handlers.o)
    0x08001c4c   0x08001c4c   0x0000000e   Code   RO         3995    i.__scatterload_zeroinit  mc_w.l(handlers.o)
    0x08001c5a   0x08001c5a   0x00000002   PAD
    0x08001c5c   0x08001c5c   0x00000014   Code   RO         1632    i.clearDRFlag       nrfxxxhandler.o
    0x08001c70   0x08001c70   0x00000010   Code   RO          893    i.inHandlerMode     cmsis_os.o
    0x08001c80   0x08001c80   0x000000ac   Code   RO         1505    i.main              main.o
    0x08001d2c   0x08001d2c   0x0000000e   Code   RO          895    i.makeFreeRtosPriority  cmsis_os.o
    0x08001d3a   0x08001d3a   0x00000002   PAD
    0x08001d3c   0x08001d3c   0x00000034   Code   RO         1634    i.nRFxxxCRInitial   nrfxxxhandler.o
    0x08001d70   0x08001d70   0x00000014   Code   RO         1635    i.nRFxxxDataReadyHandler  nrfxxxhandler.o
    0x08001d84   0x08001d84   0x0000005c   Code   RO         1636    i.nRFxxxInitial     nrfxxxhandler.o
    0x08001de0   0x08001de0   0x00000074   Code   RO         1637    i.nRFxxxSPIDataRW   nrfxxxhandler.o
    0x08001e54   0x08001e54   0x00000048   Code   RO         1638    i.nRFxxxSPIRead     nrfxxxhandler.o
    0x08001e9c   0x08001e9c   0x0000003c   Code   RO         1639    i.nRFxxxSPIWrite    nrfxxxhandler.o
    0x08001ed8   0x08001ed8   0x000000a0   Code   RO         1640    i.nRFxxxSendFrame   nrfxxxhandler.o
    0x08001f78   0x08001f78   0x00000018   Code   RO          897    i.osDelay           cmsis_os.o
    0x08001f90   0x08001f90   0x0000000a   Code   RO          900    i.osKernelStart     cmsis_os.o
    0x08001f9a   0x08001f9a   0x0000000c   Code   RO          915    i.osMutexCreate     cmsis_os.o
    0x08001fa6   0x08001fa6   0x00000002   PAD
    0x08001fa8   0x08001fa8   0x00000050   Code   RO          917    i.osMutexRelease    cmsis_os.o
    0x08001ff8   0x08001ff8   0x0000006c   Code   RO          918    i.osMutexWait       cmsis_os.o
    0x08002064   0x08002064   0x0000002c   Code   RO          926    i.osSemaphoreCreate  cmsis_os.o
    0x08002090   0x08002090   0x00000050   Code   RO          929    i.osSemaphoreRelease  cmsis_os.o
    0x080020e0   0x080020e0   0x0000006c   Code   RO          930    i.osSemaphoreWait   cmsis_os.o
    0x0800214c   0x0800214c   0x00000010   Code   RO          933    i.osSystickHandler  cmsis_os.o
    0x0800215c   0x0800215c   0x00000030   Code   RO          934    i.osThreadCreate    cmsis_os.o
    0x0800218c   0x0800218c   0x00000028   Code   RO          945    i.osTimerCreate     cmsis_os.o
    0x080021b4   0x080021b4   0x00000068   Code   RO          947    i.osTimerStart      cmsis_os.o
    0x0800221c   0x0800221c   0x00000098   Code   RO          107    i.prvAddCurrentTaskToDelayedList  tasks.o
    0x080022b4   0x080022b4   0x000000b4   Code   RO          108    i.prvAddNewTaskToReadyList  tasks.o
    0x08002368   0x08002368   0x00000064   Code   RO          426    i.prvCheckForValidListAndQueue  timers.o
    0x080023cc   0x080023cc   0x00000064   Code   RO          109    i.prvCheckTasksWaitingTermination  tasks.o
    0x08002430   0x08002430   0x0000002a   Code   RO          617    i.prvCopyDataFromQueue  queue.o
    0x0800245a   0x0800245a   0x0000007c   Code   RO          618    i.prvCopyDataToQueue  queue.o
    0x080024d6   0x080024d6   0x00000012   Code   RO          110    i.prvDeleteTCB      tasks.o
    0x080024e8   0x080024e8   0x00000028   Code   RO          427    i.prvGetNextExpireTime  timers.o
    0x08002510   0x08002510   0x0000007c   Code   RO          774    i.prvHeapInit       heap_4.o
    0x0800258c   0x0800258c   0x00000028   Code   RO          111    i.prvIdleTask       tasks.o
    0x080025b4   0x080025b4   0x0000001c   Code   RO          619    i.prvInitialiseMutex  queue.o
    0x080025d0   0x080025d0   0x00000026   Code   RO          620    i.prvInitialiseNewQueue  queue.o
    0x080025f6   0x080025f6   0x000000aa   Code   RO          112    i.prvInitialiseNewTask  tasks.o
    0x080026a0   0x080026a0   0x0000004e   Code   RO          428    i.prvInitialiseNewTimer  timers.o
    0x080026ee   0x080026ee   0x00000002   PAD
    0x080026f0   0x080026f0   0x00000068   Code   RO          113    i.prvInitialiseTaskLists  tasks.o
    0x08002758   0x08002758   0x00000068   Code   RO          775    i.prvInsertBlockIntoFreeList  heap_4.o
    0x080027c0   0x080027c0   0x00000058   Code   RO          429    i.prvInsertTimerInActiveList  timers.o
    0x08002818   0x08002818   0x0000001a   Code   RO          621    i.prvIsQueueEmpty   queue.o
    0x08002832   0x08002832   0x0000001e   Code   RO          622    i.prvIsQueueFull    queue.o
    0x08002850   0x08002850   0x00000064   Code   RO          430    i.prvProcessExpiredTimer  timers.o
    0x080028b4   0x080028b4   0x000000f8   Code   RO          431    i.prvProcessReceivedCommands  timers.o
    0x080029ac   0x080029ac   0x00000074   Code   RO          432    i.prvProcessTimerOrBlockTask  timers.o
    0x08002a20   0x08002a20   0x00000034   Code   RO          114    i.prvResetNextTaskUnblockTime  tasks.o
    0x08002a54   0x08002a54   0x0000002c   Code   RO          433    i.prvSampleTimeNow  timers.o
    0x08002a80   0x08002a80   0x000000a0   Code   RO          434    i.prvSwitchTimerLists  timers.o
    0x08002b20   0x08002b20   0x00000040   Code   RO            2    i.prvTaskExitError  port.o
    0x08002b60   0x08002b60   0x0000001a   Code   RO          435    i.prvTimerTask      timers.o
    0x08002b7a   0x08002b7a   0x0000007e   Code   RO          623    i.prvUnlockQueue    queue.o
    0x08002bf8   0x08002bf8   0x0000013c   Code   RO          776    i.pvPortMalloc      heap_4.o
    0x08002d34   0x08002d34   0x00000020   Code   RO          116    i.pvTaskIncrementMutexHeldCount  tasks.o
    0x08002d54   0x08002d54   0x00000024   Code   RO            3    i.pxPortInitialiseStack  port.o
    0x08002d78   0x08002d78   0x00000048   Code   RO         1641    i.queryCarStatus    nrfxxxhandler.o
    0x08002dc0   0x08002dc0   0x00000016   Code   RO         1642    i.readConfig        nrfxxxhandler.o
    0x08002dd6   0x08002dd6   0x00000012   Code   RO         1643    i.readRxPayload     nrfxxxhandler.o
    0x08002de8   0x08002de8   0x000000ec   Code   RO         1644    i.roamNRFxxx        nrfxxxhandler.o
    0x08002ed4   0x08002ed4   0x0000003c   Code   RO         1645    i.setNRFxxxMode     nrfxxxhandler.o
    0x08002f10   0x08002f10   0x0000002c   Code   RO         1646    i.startNRFxxxTrans  nrfxxxhandler.o
    0x08002f3c   0x08002f3c   0x00000028   Code   RO          580    i.uxListRemove      list.o
    0x08002f64   0x08002f64   0x0000001a   Code   RO          581    i.vListInitialise   list.o
    0x08002f7e   0x08002f7e   0x00000006   Code   RO          582    i.vListInitialiseItem  list.o
    0x08002f84   0x08002f84   0x00000034   Code   RO          583    i.vListInsert       list.o
    0x08002fb8   0x08002fb8   0x00000018   Code   RO          584    i.vListInsertEnd    list.o
    0x08002fd0   0x08002fd0   0x00000054   Code   RO            5    i.vPortEnterCritical  port.o
    0x08003024   0x08003024   0x0000003c   Code   RO            6    i.vPortExitCritical  port.o
    0x08003060   0x08003060   0x00000094   Code   RO          777    i.vPortFree         heap_4.o
    0x080030f4   0x080030f4   0x00000020   Code   RO            7    i.vPortSetupTimerInterrupt  port.o
    0x08003114   0x08003114   0x00000078   Code   RO            8    i.vPortValidateInterruptPriority  port.o
    0x0800318c   0x0800318c   0x0000002c   Code   RO          627    i.vQueueAddToRegistry  queue.o
    0x080031b8   0x080031b8   0x0000004a   Code   RO          630    i.vQueueWaitForMessageRestricted  queue.o
    0x08003202   0x08003202   0x00000002   PAD
    0x08003204   0x08003204   0x0000005c   Code   RO          122    i.vTaskDelay        tasks.o
    0x08003260   0x08003260   0x0000000c   Code   RO          125    i.vTaskMissedYield  tasks.o
    0x0800326c   0x0800326c   0x00000038   Code   RO          127    i.vTaskPlaceOnEventList  tasks.o
    0x080032a4   0x080032a4   0x00000040   Code   RO          128    i.vTaskPlaceOnEventListRestricted  tasks.o
    0x080032e4   0x080032e4   0x000000b0   Code   RO          130    i.vTaskPriorityInherit  tasks.o
    0x08003394   0x08003394   0x00000030   Code   RO          133    i.vTaskSetTimeOutState  tasks.o
    0x080033c4   0x080033c4   0x00000094   Code   RO          134    i.vTaskStartScheduler  tasks.o
    0x08003458   0x08003458   0x00000010   Code   RO          136    i.vTaskSuspendAll   tasks.o
    0x08003468   0x08003468   0x0000008c   Code   RO          137    i.vTaskSwitchContext  tasks.o
    0x080034f4   0x080034f4   0x0000001a   Code   RO         1647    i.writeConfig       nrfxxxhandler.o
    0x0800350e   0x0800350e   0x0000000e   Code   RO         1648    i.writeRxAddr       nrfxxxhandler.o
    0x0800351c   0x0800351c   0x0000000e   Code   RO         1649    i.writeTxAddr       nrfxxxhandler.o
    0x0800352a   0x0800352a   0x00000012   Code   RO         1650    i.writeTxPayload    nrfxxxhandler.o
    0x0800353c   0x0800353c   0x000000a0   Code   RO            9    i.xPortStartScheduler  port.o
    0x080035dc   0x080035dc   0x00000034   Code   RO           10    i.xPortSysTickHandler  port.o
    0x08003610   0x08003610   0x00000022   Code   RO          631    i.xQueueCreateMutex  queue.o
    0x08003632   0x08003632   0x00000058   Code   RO          632    i.xQueueGenericCreate  queue.o
    0x0800368a   0x0800368a   0x00000002   PAD
    0x0800368c   0x0800368c   0x000001c4   Code   RO          633    i.xQueueGenericReceive  queue.o
    0x08003850   0x08003850   0x00000098   Code   RO          634    i.xQueueGenericReset  queue.o
    0x080038e8   0x080038e8   0x000001a8   Code   RO          635    i.xQueueGenericSend  queue.o
    0x08003a90   0x08003a90   0x000000f8   Code   RO          636    i.xQueueGenericSendFromISR  queue.o
    0x08003b88   0x08003b88   0x000000e0   Code   RO          637    i.xQueueGiveFromISR  queue.o
    0x08003c68   0x08003c68   0x000000ca   Code   RO          641    i.xQueueReceiveFromISR  queue.o
    0x08003d32   0x08003d32   0x00000002   PAD
    0x08003d34   0x08003d34   0x0000008c   Code   RO          138    i.xTaskCheckForTimeOut  tasks.o
    0x08003dc0   0x08003dc0   0x00000060   Code   RO          139    i.xTaskCreate       tasks.o
    0x08003e20   0x08003e20   0x00000020   Code   RO          143    i.xTaskGetSchedulerState  tasks.o
    0x08003e40   0x08003e40   0x0000000c   Code   RO          144    i.xTaskGetTickCount  tasks.o
    0x08003e4c   0x08003e4c   0x00000148   Code   RO          146    i.xTaskIncrementTick  tasks.o
    0x08003f94   0x08003f94   0x000000c8   Code   RO          149    i.xTaskPriorityDisinherit  tasks.o
    0x0800405c   0x0800405c   0x00000098   Code   RO          150    i.xTaskRemoveFromEventList  tasks.o
    0x080040f4   0x080040f4   0x00000104   Code   RO          152    i.xTaskResumeAll    tasks.o
    0x080041f8   0x080041f8   0x00000030   Code   RO          438    i.xTimerCreate      timers.o
    0x08004228   0x08004228   0x00000054   Code   RO          439    i.xTimerCreateTimerTask  timers.o
    0x0800427c   0x0800427c   0x00000084   Code   RO          440    i.xTimerGenericCommand  timers.o
    0x08004300   0x08004300   0x0000002c   Data   RO         1507    .constdata          main.o
    0x0800432c   0x0800432c   0x0000003c   Data   RO         1652    .constdata          nrfxxxhandler.o
    0x08004368   0x08004368   0x00000018   Data   RO         3927    .constdata          system_stm32f1xx.o
    0x08004380   0x08004380   0x0000001a   Data   RO         1508    .conststring        main.o
    0x0800439a   0x0800439a   0x00000002   PAD
    0x0800439c   0x0800439c   0x00000020   Data   RO         3991    Region$$Table       anon$$obj.o


    Execution Region RW_IRAM1 (Exec base: 0x20000000, Load base: 0x080043bc, Size: 0x000017c0, Max: 0x00005000, ABSOLUTE)

    Exec Addr    Load Addr    Size         Type   Attr      Idx    E Section Name        Object

    0x20000000   0x080043bc   0x0000000c   Data   RW           11    .data               port.o
    0x2000000c   0x080043c8   0x0000003c   Data   RW          155    .data               tasks.o
    0x20000048   0x08004404   0x00000014   Data   RW          446    .data               timers.o
    0x2000005c   0x08004418   0x00000018   Data   RW          782    .data               heap_4.o
    0x20000074   0x08004430   0x00000018   Data   RW         1509    .data               main.o
    0x2000008c   0x08004448   0x0000000c   Data   RW         1653    .data               nrfxxxhandler.o
    0x20000098   0x08004454   0x00000004   Data   RW         3571    .data               stm32f1xx_hal.o
    0x2000009c   0x08004458   0x00000004   Data   RW         3928    .data               system_stm32f1xx.o
    0x200000a0        -       0x000000f0   Zero   RW          154    .bss                tasks.o
    0x20000190        -       0x00000028   Zero   RW          445    .bss                timers.o
    0x200001b8        -       0x00000040   Zero   RW          642    .bss                queue.o
    0x200001f8        -       0x00001000   Zero   RW          781    .bss                heap_4.o
    0x200011f8        -       0x00000040   Zero   RW         1277    .bss                stm32f1xx_hal_timebase_tim.o
    0x20001238        -       0x000000e0   Zero   RW         1506    .bss                main.o
    0x20001318        -       0x000000a6   Zero   RW         1651    .bss                nrfxxxhandler.o
    0x200013be   0x0800445c   0x00000002   PAD
    0x200013c0        -       0x00000400   Zero   RW         3959    STACK               startup_stm32f103xb.o


==============================================================================

Image component sizes


      Code (inc. data)   RO Data    RW Data    ZI Data      Debug   Object Name

       704         24          0          0          0      22823   cmsis_os.o
         0          0          0          0          0       8068   croutine.o
       692         62          0         24       4096       4619   heap_4.o
       148          0          0          0          0       3366   list.o
       782        100         70         24        224       5362   main.o
      1144        142         60         12        166      14395   nrfxxxhandler.o
       758         80          0         12          0      17713   port.o
      2356         22          0          0         64      17904   queue.o
        36          8        236          0       1024        764   startup_stm32f103xb.o
        68         16          0          4          0       2456   stm32f1xx_hal.o
       338         22          0          0          0      26725   stm32f1xx_hal_cortex.o
       724          8          0          0          0       3447   stm32f1xx_hal_dma.o
       844         36          0          0          0       3800   stm32f1xx_hal_gpio.o
       396         62          0          0          0       1636   stm32f1xx_hal_msp.o
      1812        110          0          0          0       5934   stm32f1xx_hal_rcc.o
       800         22          0          0          0       8159   stm32f1xx_hal_spi.o
       134          0          0          0          0       1039   stm32f1xx_hal_spi_ex.o
       614         14          0          0          0       5858   stm32f1xx_hal_tim.o
         4          0          0          0          0       1498   stm32f1xx_hal_tim_ex.o
       136         18          0          0         64     424232   stm32f1xx_hal_timebase_tim.o
        86         18          0          0          0       8201   stm32f1xx_it.o
        88         18         24          4          0       1135   system_stm32f1xx.o
      2820        370          0         60        240      34973   tasks.o
      1264        116          0         20         40      22134   timers.o
        20          0          0          0          0        545   user_gpio_exti_irqhandler.o

    ----------------------------------------------------------------------
     16792       1268        424        160       5920     646786   Object Totals
         0          0         32          0          0          0   (incl. Generated)
        24          0          2          0          2          0   (incl. Padding)

    ----------------------------------------------------------------------

      Code (inc. data)   RO Data    RW Data    ZI Data      Debug   Library Member Name

         0          0          0          0          0          0   entry.o
         0          0          0          0          0          0   entry10a.o
         0          0          0          0          0          0   entry11a.o
         8          4          0          0          0          0   entry2.o
         4          0          0          0          0          0   entry5.o
         0          0          0          0          0          0   entry7b.o
         0          0          0          0          0          0   entry8b.o
         8          4          0          0          0          0   entry9a.o
        30          0          0          0          0          0   handlers.o
        36          8          0          0          0         68   init.o
        36          0          0          0          0         68   memcpya.o

    ----------------------------------------------------------------------
       124         16          0          0          0        136   Library Totals
         2          0          0          0          0          0   (incl. Padding)

    ----------------------------------------------------------------------

      Code (inc. data)   RO Data    RW Data    ZI Data      Debug   Library Name

       122         16          0          0          0        136   mc_w.l

    ----------------------------------------------------------------------
       124         16          0          0          0        136   Library Totals

    ----------------------------------------------------------------------

==============================================================================


      Code (inc. data)   RO Data    RW Data    ZI Data      Debug   

     16916       1284        424        160       5920     637974   Grand Totals
     16916       1284        424        160       5920     637974   ELF Image Totals
     16916       1284        424        160          0          0   ROM Totals

==============================================================================

    Total RO  Size (Code + RO Data)                17340 (  16.93kB)
    Total RW  Size (RW Data + ZI Data)              6080 (   5.94kB)
    Total ROM Size (Code + RO Data + RW Data)      17500 (  17.09kB)

==============================================================================

