<html>
<body>
<pre>
<h1>µVision Build Log</h1>
<h2>Tool Versions:</h2>
IDE-Version: µVision V5.24.2.0
Copyright (C) 2017 ARM Ltd and ARM Germany GmbH. All rights reserved.
License Information: zzz zz, aaa, LIC=EXJWF-6V455-UHI8H-WNTTX-78GHG-NDF7A
 
Tool Versions:
Toolchain:       MDK-ARM Plus  Version: 5.24.1
Toolchain Path:  D:\Keil_v5\ARM\ARMCC\Bin
C Compiler:      Armcc.exe V5.06 update 5 (build 528)
Assembler:       Armasm.exe V5.06 update 5 (build 528)
Linker/Locator:  ArmLink.exe V5.06 update 5 (build 528)
Library Manager: ArmAr.exe V5.06 update 5 (build 528)
Hex Converter:   FromElf.exe V5.06 update 5 (build 528)
CPU DLL:         SARMCM3.DLL V5.24.1
Dialog DLL:      DCM.DLL V1.16.0.0
Target DLL:      STLink\ST-LINKIII-KEIL_SWO.dll V3.0.1.0
Dialog DLL:      TCM.DLL V1.32.0.0
 
<h2>Project:</h2>
G:\Geek\Projects\remote_car\code\remote_car\MDK-ARM\remote_car.uvprojx
Project File Date:  10/29/2017

<h2>Output:</h2>
*** Using Compiler 'V5.06 update 5 (build 528)', folder: 'D:\Keil_v5\ARM\ARMCC\Bin'
Build target 'remote_car'
compiling nRF905Handler.c...
..\Src\nRF905Handler.c(56): warning:  #550-D: variable "tRemoteCarStatus"  was set but never used
  static CarStatus_t tRemoteCarStatus;
..\Src\nRF905Handler.c(98): warning:  #177-D: variable "nRF905PipeFd"  was declared but never referenced
  static int32_t nRF905PipeFd[2];
..\Src\nRF905Handler.c(254): warning:  #177-D: function "readDataFromNRF905"  was declared but never referenced
  static void readDataFromNRF905(void) {
..\Src\nRF905Handler.c(292): warning:  #177-D: function "roamNRF905"  was declared but never referenced
  static void roamNRF905(void) {
..\Src\nRF905Handler.c: 4 warnings, 0 errors
linking...
Program Size: Code=14100 RO-data=388 RW-data=156 ZI-data=6308  
"remote_car\remote_car.axf" - 0 Error(s), 4 Warning(s).

<h2>Software Packages used:</h2>

Package Vendor: ARM
                http://www.keil.com/pack/ARM.CMSIS.5.1.1.pack
                ARM.CMSIS.5.1.1
                CMSIS (Cortex Microcontroller Software Interface Standard)
   * Component: CORE Version: 5.0.2

Package Vendor: Keil
                http://www.keil.com/pack/Keil.STM32F1xx_DFP.2.2.0.pack
                Keil.STM32F1xx_DFP.2.2.0
                STMicroelectronics STM32F1 Series Device Support, Drivers and Examples

<h2>Collection of Component include folders:</h2>
  .\RTE\_remote_car
  D:\Keil_v5\ARM\PACK\ARM\CMSIS\5.1.1\CMSIS\Include
  D:\Keil_v5\ARM\PACK\Keil\STM32F1xx_DFP\2.2.0\Device\Include

<h2>Collection of Component Files used:</h2>

   * Component: ARM::CMSIS:CORE:5.0.2
Build Time Elapsed:  00:00:01
</pre>
</body>
</html>
